Archive member included to satisfy reference by file (symbol)

c:/eclipsestm/toolchain/bin/../lib/gcc/arm-none-eabi/6.3.1/../../../../arm-none-eabi/lib/thumb/v7e-m\libg_nano.a(lib_a-atoi.o)
                              ./src/main.o (atoi)
c:/eclipsestm/toolchain/bin/../lib/gcc/arm-none-eabi/6.3.1/../../../../arm-none-eabi/lib/thumb/v7e-m\libg_nano.a(lib_a-errno.o)
                              ./system/src/newlib/_sbrk.o (__errno)
c:/eclipsestm/toolchain/bin/../lib/gcc/arm-none-eabi/6.3.1/../../../../arm-none-eabi/lib/thumb/v7e-m\libg_nano.a(lib_a-findfp.o)
                              ./system/src/newlib/_syscalls.o (__sinit)
c:/eclipsestm/toolchain/bin/../lib/gcc/arm-none-eabi/6.3.1/../../../../arm-none-eabi/lib/thumb/v7e-m\libg_nano.a(lib_a-fwalk.o)
                              c:/eclipsestm/toolchain/bin/../lib/gcc/arm-none-eabi/6.3.1/../../../../arm-none-eabi/lib/thumb/v7e-m\libg_nano.a(lib_a-findfp.o) (_fwalk)
c:/eclipsestm/toolchain/bin/../lib/gcc/arm-none-eabi/6.3.1/../../../../arm-none-eabi/lib/thumb/v7e-m\libg_nano.a(lib_a-fwrite.o)
                              ./src/main.o (fwrite)
c:/eclipsestm/toolchain/bin/../lib/gcc/arm-none-eabi/6.3.1/../../../../arm-none-eabi/lib/thumb/v7e-m\libg_nano.a(lib_a-impure.o)
                              c:/eclipsestm/toolchain/bin/../lib/gcc/arm-none-eabi/6.3.1/../../../../arm-none-eabi/lib/thumb/v7e-m\libg_nano.a(lib_a-findfp.o) (_global_impure_ptr)
c:/eclipsestm/toolchain/bin/../lib/gcc/arm-none-eabi/6.3.1/../../../../arm-none-eabi/lib/thumb/v7e-m\libg_nano.a(lib_a-locale.o)
                              ./system/src/newlib/_syscalls.o (__locale_ctype_ptr)
c:/eclipsestm/toolchain/bin/../lib/gcc/arm-none-eabi/6.3.1/../../../../arm-none-eabi/lib/thumb/v7e-m\libg_nano.a(lib_a-mbtowc_r.o)
                              c:/eclipsestm/toolchain/bin/../lib/gcc/arm-none-eabi/6.3.1/../../../../arm-none-eabi/lib/thumb/v7e-m\libg_nano.a(lib_a-locale.o) (__ascii_mbtowc)
c:/eclipsestm/toolchain/bin/../lib/gcc/arm-none-eabi/6.3.1/../../../../arm-none-eabi/lib/thumb/v7e-m\libg_nano.a(lib_a-memset.o)
                              ./system/src/newlib/_syscalls.o (memset)
c:/eclipsestm/toolchain/bin/../lib/gcc/arm-none-eabi/6.3.1/../../../../arm-none-eabi/lib/thumb/v7e-m\libg_nano.a(lib_a-nano-mallocr.o)
                              c:/eclipsestm/toolchain/bin/../lib/gcc/arm-none-eabi/6.3.1/../../../../arm-none-eabi/lib/thumb/v7e-m\libg_nano.a(lib_a-findfp.o) (_malloc_r)
c:/eclipsestm/toolchain/bin/../lib/gcc/arm-none-eabi/6.3.1/../../../../arm-none-eabi/lib/thumb/v7e-m\libg_nano.a(lib_a-puts.o)
                              ./src/main.o (puts)
c:/eclipsestm/toolchain/bin/../lib/gcc/arm-none-eabi/6.3.1/../../../../arm-none-eabi/lib/thumb/v7e-m\libg_nano.a(lib_a-sbrkr.o)
                              c:/eclipsestm/toolchain/bin/../lib/gcc/arm-none-eabi/6.3.1/../../../../arm-none-eabi/lib/thumb/v7e-m\libg_nano.a(lib_a-nano-mallocr.o) (_sbrk_r)
c:/eclipsestm/toolchain/bin/../lib/gcc/arm-none-eabi/6.3.1/../../../../arm-none-eabi/lib/thumb/v7e-m\libg_nano.a(lib_a-stdio.o)
                              c:/eclipsestm/toolchain/bin/../lib/gcc/arm-none-eabi/6.3.1/../../../../arm-none-eabi/lib/thumb/v7e-m\libg_nano.a(lib_a-findfp.o) (__sread)
c:/eclipsestm/toolchain/bin/../lib/gcc/arm-none-eabi/6.3.1/../../../../arm-none-eabi/lib/thumb/v7e-m\libg_nano.a(lib_a-strcmp.o)
                              ./system/src/cortexm/exception_handlers.o (strcmp)
c:/eclipsestm/toolchain/bin/../lib/gcc/arm-none-eabi/6.3.1/../../../../arm-none-eabi/lib/thumb/v7e-m\libg_nano.a(lib_a-strlen.o)
                              ./system/src/newlib/_syscalls.o (strlen)
c:/eclipsestm/toolchain/bin/../lib/gcc/arm-none-eabi/6.3.1/../../../../arm-none-eabi/lib/thumb/v7e-m\libg_nano.a(lib_a-strncpy.o)
                              ./system/src/newlib/_syscalls.o (strncpy)
c:/eclipsestm/toolchain/bin/../lib/gcc/arm-none-eabi/6.3.1/../../../../arm-none-eabi/lib/thumb/v7e-m\libg_nano.a(lib_a-strtol.o)
                              c:/eclipsestm/toolchain/bin/../lib/gcc/arm-none-eabi/6.3.1/../../../../arm-none-eabi/lib/thumb/v7e-m\libg_nano.a(lib_a-atoi.o) (_strtol_r)
c:/eclipsestm/toolchain/bin/../lib/gcc/arm-none-eabi/6.3.1/../../../../arm-none-eabi/lib/thumb/v7e-m\libg_nano.a(lib_a-vsnprintf.o)
                              ./system/src/diag/Trace.o (vsnprintf)
c:/eclipsestm/toolchain/bin/../lib/gcc/arm-none-eabi/6.3.1/../../../../arm-none-eabi/lib/thumb/v7e-m\libg_nano.a(lib_a-wbuf.o)
                              c:/eclipsestm/toolchain/bin/../lib/gcc/arm-none-eabi/6.3.1/../../../../arm-none-eabi/lib/thumb/v7e-m\libg_nano.a(lib_a-fwrite.o) (__swbuf_r)
c:/eclipsestm/toolchain/bin/../lib/gcc/arm-none-eabi/6.3.1/../../../../arm-none-eabi/lib/thumb/v7e-m\libg_nano.a(lib_a-wctomb_r.o)
                              c:/eclipsestm/toolchain/bin/../lib/gcc/arm-none-eabi/6.3.1/../../../../arm-none-eabi/lib/thumb/v7e-m\libg_nano.a(lib_a-locale.o) (__ascii_wctomb)
[...]
Memory Configuration

Name             Origin             Length             Attributes
RAM              0x20000000         0x00020000         xrw
CCMRAM           0x10000000         0x00010000         xrw
FLASH            0x08000000         0x00100000         xr
FLASHB1          0x00000000         0x00000000         xr
EXTMEMB0         0x00000000         0x00000000         xr
EXTMEMB1         0x00000000         0x00000000         xr
EXTMEMB2         0x00000000         0x00000000         xr
EXTMEMB3         0x00000000         0x00000000         xr
MEMORY_ARRAY     0x20002000         0x00000020         xrw
*default*        0x00000000         0xffffffff

Linker script and memory map

LOAD ./system/src/stm32f4-hal/stm32f4xx_hal.o
LOAD ./system/src/stm32f4-hal/stm32f4xx_hal_cortex.o
LOAD ./system/src/stm32f4-hal/stm32f4xx_hal_flash.o
LOAD ./system/src/stm32f4-hal/stm32f4xx_hal_gpio.o
LOAD ./system/src/stm32f4-hal/stm32f4xx_hal_iwdg.o
LOAD ./system/src/stm32f4-hal/stm32f4xx_hal_pwr.o
LOAD ./system/src/stm32f4-hal/stm32f4xx_hal_rcc.o
LOAD ./system/src/newlib/_cxx.o
LOAD ./system/src/newlib/_exit.o
LOAD ./system/src/newlib/_sbrk.o
LOAD ./system/src/newlib/_startup.o
LOAD ./system/src/newlib/_syscalls.o
LOAD ./system/src/newlib/assert.o
LOAD ./system/src/diag/Trace.o
LOAD ./system/src/diag/trace_impl.o
LOAD ./system/src/cortexm/_initialize_hardware.o
LOAD ./system/src/cortexm/_reset_hardware.o
LOAD ./system/src/cortexm/exception_handlers.o
LOAD ./system/src/cmsis/system_stm32f4xx.o
LOAD ./system/src/cmsis/vectors_stm32f407xx.o
LOAD ./src/BlinkLed.o
LOAD ./src/Timer.o
LOAD ./src/_initialize_hardware.o
LOAD ./src/_write.o
LOAD ./src/main.o
LOAD ./src/stm32f4xx_hal_msp.o
LOAD c:/eclipsestm/toolchain/bin/../lib/gcc/arm-none-eabi/6.3.1/../../../../arm-none-eabi/lib/thumb/v7e-m\libstdc++_nano.a
LOAD c:/eclipsestm/toolchain/bin/../lib/gcc/arm-none-eabi/6.3.1/../../../../arm-none-eabi/lib/thumb/v7e-m\libm.a
START GROUP
LOAD c:/eclipsestm/toolchain/bin/../lib/gcc/arm-none-eabi/6.3.1/thumb/v7e-m\libgcc.a
LOAD c:/eclipsestm/toolchain/bin/../lib/gcc/arm-none-eabi/6.3.1/../../../../arm-none-eabi/lib/thumb/v7e-m\libg_nano.a
LOAD c:/eclipsestm/toolchain/bin/../lib/gcc/arm-none-eabi/6.3.1/../../../../arm-none-eabi/lib/thumb/v7e-m\libc_nano.a
END GROUP
START GROUP
LOAD c:/eclipsestm/toolchain/bin/../lib/gcc/arm-none-eabi/6.3.1/thumb/v7e-m\libgcc.a
LOAD c:/eclipsestm/toolchain/bin/../lib/gcc/arm-none-eabi/6.3.1/../../../../arm-none-eabi/lib/thumb/v7e-m\libc_nano.a
END GROUP
                0x20020000                __stack = (ORIGIN (RAM) + LENGTH (RAM))
                0x20020000                _estack = __stack
                0x00000400                __Main_Stack_Size = 0x400
                [!provide]                PROVIDE (_Main_Stack_Size, __Main_Stack_Size)
                0x2001fc00                __Main_Stack_Limit = (__stack - __Main_Stack_Size)
                [!provide]                PROVIDE (_Main_Stack_Limit, __Main_Stack_Limit)
                0x00000100                _Minimum_Stack_Size = 0x100
                0x200003e0                PROVIDE (_Heap_Begin, _end_noinit)
                0x2001fc00                PROVIDE (_Heap_Limit, (__stack - __Main_Stack_Size))

.isr_vector     0x08000000      0x3e8
 FILL mask 0xff
                0x08000000                __vectors_start = ABSOLUTE (.)
                0x08000000                __vectors_start__ = ABSOLUTE (.)
 *(.isr_vector)
 .isr_vector    0x08000000      0x188 ./system/src/cmsis/vectors_stm32f407xx.o
                0x08000000                __isr_vectors
 *(.cfmconfig)
 *(.after_vectors .after_vectors.*)
 .after_vectors
                0x08000188      0x130 ./system/src/newlib/_startup.o
                0x08000188                _start
 .after_vectors
                0x080002b8      0x12c ./system/src/cortexm/exception_handlers.o
                0x080002b8                Reset_Handler
                0x080002be                NMI_Handler
                0x080002c2                HardFault_Handler
                0x080002d6                HardFault_Handler_C
                0x08000334                MemManage_Handler
                0x08000338                BusFault_Handler
                0x0800034c                BusFault_Handler_C
                0x08000380                UsageFault_Handler
                0x08000394                UsageFault_Handler_C
                0x080003c8                SVC_Handler
                0x080003cc                DebugMon_Handler
                0x080003d0                PendSV_Handler
 .after_vectors
                0x080003e4        0x4 ./system/src/cmsis/vectors_stm32f407xx.o
                0x080003e4                RTC_Alarm_IRQHandler
                0x080003e4                HASH_RNG_IRQHandler
                0x080003e4                EXTI2_IRQHandler
                0x080003e4                TIM8_CC_IRQHandler
                0x080003e4                TIM1_CC_IRQHandler
                0x080003e4                DMA2_Stream5_IRQHandler
                0x080003e4                DMA1_Stream5_IRQHandler
                0x080003e4                PVD_IRQHandler
                0x080003e4                SDIO_IRQHandler
                0x080003e4                TAMP_STAMP_IRQHandler
                0x080003e4                CAN2_RX1_IRQHandler
                0x080003e4                EXTI3_IRQHandler
                0x080003e4                TIM8_TRG_COM_TIM14_IRQHandler
                0x080003e4                TIM1_UP_TIM10_IRQHandler
                0x080003e4                TIM8_UP_TIM13_IRQHandler
                0x080003e4                I2C3_ER_IRQHandler
                0x080003e4                EXTI0_IRQHandler
                0x080003e4                I2C2_EV_IRQHandler
                0x080003e4                DMA1_Stream2_IRQHandler
                0x080003e4                CAN1_RX0_IRQHandler
                0x080003e4                FPU_IRQHandler
                0x080003e4                OTG_HS_WKUP_IRQHandler
                0x080003e4                CAN2_SCE_IRQHandler
                0x080003e4                DMA2_Stream2_IRQHandler
                0x080003e4                SPI1_IRQHandler
                0x080003e4                TIM6_DAC_IRQHandler
                0x080003e4                TIM1_BRK_TIM9_IRQHandler
                0x080003e4                DCMI_IRQHandler
                0x080003e4                CAN2_RX0_IRQHandler
                0x080003e4                DMA2_Stream3_IRQHandler
                0x080003e4                USART6_IRQHandler
                0x080003e4                USART3_IRQHandler
                0x080003e4                CAN1_RX1_IRQHandler
                0x080003e4                UART5_IRQHandler
                0x080003e4                DMA2_Stream0_IRQHandler
                0x080003e4                TIM4_IRQHandler
                0x080003e4                I2C1_EV_IRQHandler
                0x080003e4                DMA1_Stream6_IRQHandler
                0x080003e4                DMA1_Stream1_IRQHandler
                0x080003e4                UART4_IRQHandler
                0x080003e4                TIM3_IRQHandler
                0x080003e4                RCC_IRQHandler
                0x080003e4                TIM8_BRK_TIM12_IRQHandler
                0x080003e4                Default_Handler
                0x080003e4                EXTI15_10_IRQHandler
                0x080003e4                ADC_IRQHandler
                0x080003e4                DMA1_Stream7_IRQHandler
                0x080003e4                TIM7_IRQHandler
                0x080003e4                CAN2_TX_IRQHandler
                0x080003e4                TIM5_IRQHandler
                0x080003e4                DMA2_Stream7_IRQHandler
                0x080003e4                I2C3_EV_IRQHandler
                0x080003e4                EXTI9_5_IRQHandler
                0x080003e4                RTC_WKUP_IRQHandler
                0x080003e4                ETH_WKUP_IRQHandler
                0x080003e4                SPI2_IRQHandler
                0x080003e4                OTG_HS_EP1_IN_IRQHandler
                0x080003e4                DMA1_Stream0_IRQHandler
                0x080003e4                CAN1_TX_IRQHandler
                0x080003e4                EXTI4_IRQHandler
                0x080003e4                ETH_IRQHandler
                0x080003e4                OTG_HS_EP1_OUT_IRQHandler
                0x080003e4                WWDG_IRQHandler
                0x080003e4                TIM2_IRQHandler
                0x080003e4                OTG_FS_WKUP_IRQHandler
                0x080003e4                TIM1_TRG_COM_TIM11_IRQHandler
                0x080003e4                OTG_HS_IRQHandler
                0x080003e4                EXTI1_IRQHandler
                0x080003e4                USART2_IRQHandler
                0x080003e4                I2C2_ER_IRQHandler
                0x080003e4                DMA2_Stream1_IRQHandler
                0x080003e4                CAN1_SCE_IRQHandler
                0x080003e4                FLASH_IRQHandler
                0x080003e4                DMA2_Stream4_IRQHandler
                0x080003e4                USART1_IRQHandler
                0x080003e4                OTG_FS_IRQHandler
                0x080003e4                SPI3_IRQHandler
                0x080003e4                DMA1_Stream4_IRQHandler
                0x080003e4                I2C1_ER_IRQHandler
                0x080003e4                FMC_IRQHandler
                0x080003e4                DMA2_Stream6_IRQHandler
                0x080003e4                DMA1_Stream3_IRQHandler

.inits          0x080003e8       0x2c
                0x080003e8                __data_regions_array_start = .
                0x080003e8        0x4 LONG 0x8003408 LOADADDR (.data)
                0x080003ec        0x4 LONG 0x20000000 ADDR (.data)
                0x080003f0        0x4 LONG 0x200001dc (ADDR (.data) + SIZEOF (.data))
                0x080003f4        0x4 LONG 0x8003408 LOADADDR (.data_CCMRAM)
                0x080003f8        0x4 LONG 0x10000000 ADDR (.data_CCMRAM)
                0x080003fc        0x4 LONG 0x10000000 (ADDR (.data_CCMRAM) + SIZEOF (.data_CCMRAM))
                0x08000400                __data_regions_array_end = .
                0x08000400                __bss_regions_array_start = .
                0x08000400        0x4 LONG 0x200001dc ADDR (.bss)
                0x08000404        0x4 LONG 0x200003e0 (ADDR (.bss) + SIZEOF (.bss))
                0x08000408        0x4 LONG 0x10000000 ADDR (.bss_CCMRAM)
                0x0800040c        0x4 LONG 0x10000000 (ADDR (.bss_CCMRAM) + SIZEOF (.bss_CCMRAM))
                0x08000410                __bss_regions_array_end = .
 *(.init)
 *(.fini)
                0x08000410                . = ALIGN (0x4)
                0x08000410                PROVIDE (__preinit_array_start, .)
 *(.preinit_array_sysinit .preinit_array_sysinit.*)
 *(.preinit_array_platform .preinit_array_platform.*)
 *(.preinit_array .preinit_array.*)
                0x08000410                PROVIDE (__preinit_array_end, .)
                0x08000410                . = ALIGN (0x4)
                0x08000410                PROVIDE (__init_array_start, .)
 *(SORT(.init_array.*))
 *(.init_array)
 .init_array    0x08000410        0x4 ./src/main.o
                0x08000414                PROVIDE (__init_array_end, .)
                0x08000414                . = ALIGN (0x4)
                0x08000414                PROVIDE (__fini_array_start, .)
 *(SORT(.fini_array.*))
 *(.fini_array)
                0x08000414                PROVIDE (__fini_array_end, .)

.flashtext
 *(.flashtext .flashtext.*)

.text           0x08000420     0x2fe6
 *(.text .text.*)
 .text.HAL_InitTick
                0x08000420       0x28 ./system/src/stm32f4-hal/stm32f4xx_hal.o
                0x08000420                HAL_InitTick
 .text.HAL_Init
                0x08000448       0x34 ./system/src/stm32f4-hal/stm32f4xx_hal.o
                0x08000448                HAL_Init
 .text.HAL_IncTick
                0x0800047c       0x10 ./system/src/stm32f4-hal/stm32f4xx_hal.o
                0x0800047c                HAL_IncTick
 .text.HAL_GetTick
                0x0800048c        0xc ./system/src/stm32f4-hal/stm32f4xx_hal.o
                0x0800048c                HAL_GetTick
 .text.HAL_NVIC_SetPriorityGrouping
                0x08000498       0x3c ./system/src/stm32f4-hal/stm32f4xx_hal_cortex.o
                0x08000498                HAL_NVIC_SetPriorityGrouping
 .text.HAL_NVIC_SetPriority
                0x080004d4       0x88 ./system/src/stm32f4-hal/stm32f4xx_hal_cortex.o
                0x080004d4                HAL_NVIC_SetPriority
 .text.HAL_SYSTICK_Config
                0x0800055c       0x2c ./system/src/stm32f4-hal/stm32f4xx_hal_cortex.o
                0x0800055c                HAL_SYSTICK_Config
 .text.HAL_SYSTICK_CLKSourceConfig
                0x08000588       0x3c ./system/src/stm32f4-hal/stm32f4xx_hal_cortex.o
                0x08000588                HAL_SYSTICK_CLKSourceConfig
 .text.HAL_GPIO_Init
                0x080005c4      0x2fc ./system/src/stm32f4-hal/stm32f4xx_hal_gpio.o
                0x080005c4                HAL_GPIO_Init
 .text.HAL_RCC_OscConfig
                0x080008c0      0x42c ./system/src/stm32f4-hal/stm32f4xx_hal_rcc.o
                0x080008c0                HAL_RCC_OscConfig
 .text.HAL_RCC_ClockConfig
                0x08000cec      0x220 ./system/src/stm32f4-hal/stm32f4xx_hal_rcc.o
                0x08000cec                HAL_RCC_ClockConfig
 .text.HAL_RCC_GetSysClockFreq
                0x08000f0c       0x94 ./system/src/stm32f4-hal/stm32f4xx_hal_rcc.o
                0x08000f0c                HAL_RCC_GetSysClockFreq
 .text.HAL_RCC_GetHCLKFreq
                0x08000fa0       0x34 ./system/src/stm32f4-hal/stm32f4xx_hal_rcc.o
                0x08000fa0                HAL_RCC_GetHCLKFreq
 .text.abort    0x08000fd4       0x14 ./system/src/newlib/_exit.o
                0x08000fd4                abort
 .text._sbrk    0x08000fe8       0x44 ./system/src/newlib/_sbrk.o
                0x08000fe8                _sbrk
 .text.get_errno
                0x0800102c       0x12 ./system/src/newlib/_syscalls.o
 .text.error    0x0800103e       0x14 ./system/src/newlib/_syscalls.o
 .text.checkerror
                0x08001052       0x10 ./system/src/newlib/_syscalls.o
 *fill*         0x08001062        0x2 
 .text.findslot
                0x08001064       0x3c ./system/src/newlib/_syscalls.o
 .text._exit    0x080010a0       0x20 ./system/src/newlib/_syscalls.o
                0x080010a0                _exit
 .text.initialise_monitor_handles
                0x080010c0       0xa8 ./system/src/newlib/_syscalls.o
                0x080010c0                initialise_monitor_handles
 .text.__initialize_args
                0x08001168       0xe8 ./system/src/newlib/_syscalls.o
                0x08001168                __initialize_args
 .text._swiread
                0x08001250       0x20 ./system/src/newlib/_syscalls.o
                0x08001250                _swiread
 .text._read    0x08001270       0x36 ./system/src/newlib/_syscalls.o
                0x08001270                _read
 .text._swilseek
                0x080012a6       0xba ./system/src/newlib/_syscalls.o
                0x080012a6                _swilseek
 .text._lseek   0x08001360        0x8 ./system/src/newlib/_syscalls.o
                0x08001360                _lseek
 .text._swiwrite
                0x08001368       0x20 ./system/src/newlib/_syscalls.o
                0x08001368                _swiwrite
 .text._write   0x08001388       0x46 ./system/src/newlib/_syscalls.o
                0x08001388                _write
 .text._swiclose
                0x080013ce       0x1e ./system/src/newlib/_syscalls.o
                0x080013ce                _swiclose
 .text._close   0x080013ec       0x4c ./system/src/newlib/_syscalls.o
                0x080013ec                _close
 .text._swistat
                0x08001438       0x44 ./system/src/newlib/_syscalls.o
                0x08001438                _swistat
 .text._fstat   0x0800147c       0x1a ./system/src/newlib/_syscalls.o
                0x0800147c                _fstat
 .text._isatty  0x08001496       0x36 ./system/src/newlib/_syscalls.o
                0x08001496                _isatty
 .text.assert_failed
                0x080014cc       0x14 ./system/src/newlib/assert.o
                0x080014cc                assert_failed
 .text.trace_printf
                0x080014e0       0x30 ./system/src/diag/Trace.o
                0x080014e0                trace_printf
 .text.trace_puts
                0x08001510       0x20 ./system/src/diag/Trace.o
                0x08001510                trace_puts
 .text.trace_dump_args
                0x08001530       0x48 ./system/src/diag/Trace.o
                0x08001530                trace_dump_args
 .text._trace_write_semihosting_debug
                0x08001578       0x60 ./system/src/diag/trace_impl.o
 .text.trace_write
                0x080015d8        0x8 ./system/src/diag/trace_impl.o
                0x080015d8                trace_write
 .text.__initialize_hardware_early
                0x080015e0       0x18 ./system/src/cortexm/_initialize_hardware.o
                0x080015e0                __initialize_hardware_early
 .text.dumpExceptionStack
                0x080015f8       0xf4 ./system/src/cortexm/exception_handlers.o
                0x080015f8                dumpExceptionStack
 .text.isSemihosting
                0x080016ec      0x100 ./system/src/cortexm/exception_handlers.o
                0x080016ec                isSemihosting
 .text.SystemInit
                0x080017ec       0x40 ./system/src/cmsis/system_stm32f4xx.o
                0x080017ec                SystemInit
 .text.SystemCoreClockUpdate
                0x0800182c       0xa0 ./system/src/cmsis/system_stm32f4xx.o
                0x0800182c                SystemCoreClockUpdate
 .text._ZN8BlinkLedC2Ejjb
                0x080018cc       0x14 ./src/BlinkLed.o
                0x080018cc                BlinkLed::BlinkLed(unsigned int, unsigned int, bool)
                0x080018cc                BlinkLed::BlinkLed(unsigned int, unsigned int, bool)
 .text._ZN8BlinkLed6turnOnEv
                0x080018e0       0x2a ./src/BlinkLed.o
                0x080018e0                BlinkLed::turnOn()
 .text._ZN8BlinkLed7turnOffEv
                0x0800190a       0x2a ./src/BlinkLed.o
                0x0800190a                BlinkLed::turnOff()
 .text._ZN8BlinkLed7powerUpEv
                0x08001934       0x40 ./src/BlinkLed.o
                0x08001934                BlinkLed::powerUp()
 .text._ZN8BlinkLed6toggleEv
                0x08001974       0x24 ./src/BlinkLed.o
                0x08001974                BlinkLed::toggle()
 .text._ZN8BlinkLed4isOnEv
                0x08001998       0x34 ./src/BlinkLed.o
                0x08001998                BlinkLed::isOn()
 .text._ZN5Timer5sleepEm
                0x080019cc       0x14 ./src/Timer.o
                0x080019cc                Timer::sleep(unsigned long)
 .text.SysTick_Handler
                0x080019e0       0x1c ./src/Timer.o
                0x080019e0                SysTick_Handler
 .text.SystemClock_Config
                0x080019fc       0x9c ./src/_initialize_hardware.o
                0x080019fc                SystemClock_Config
 .text.__initialize_hardware
                0x08001a98       0x10 ./src/_initialize_hardware.o
                0x08001a98                __initialize_hardware
 .text._Z41__static_initialization_and_destruction_0ii
                0x08001aa8       0x50 ./src/main.o
 .text.main     0x08001af8      0x184 ./src/main.o
                0x08001af8                main
 .text._GLOBAL__sub_I_blinkLeds
                0x08001c7c        0xe ./src/main.o
 .text.HAL_MspInit
                0x08001c8a        0x2 ./src/stm32f4xx_hal_msp.o
                0x08001c8a                HAL_MspInit
 .text.atoi     0x08001c8c        0x8 c:/eclipsestm/toolchain/bin/../lib/gcc/arm-none-eabi/6.3.1/../../../../arm-none-eabi/lib/thumb/v7e-m\libg_nano.a(lib_a-atoi.o)
                0x08001c8c                atoi
 .text.__errno  0x08001c94        0xc c:/eclipsestm/toolchain/bin/../lib/gcc/arm-none-eabi/6.3.1/../../../../arm-none-eabi/lib/thumb/v7e-m\libg_nano.a(lib_a-errno.o)
                0x08001c94                __errno
 .text._cleanup_r
                0x08001ca0        0xc c:/eclipsestm/toolchain/bin/../lib/gcc/arm-none-eabi/6.3.1/../../../../arm-none-eabi/lib/thumb/v7e-m\libg_nano.a(lib_a-findfp.o)
                0x08001ca0                _cleanup_r
 .text.std.isra.0
                0x08001cac       0x48 c:/eclipsestm/toolchain/bin/../lib/gcc/arm-none-eabi/6.3.1/../../../../arm-none-eabi/lib/thumb/v7e-m\libg_nano.a(lib_a-findfp.o)
 .text.__sfmoreglue
                0x08001cf4       0x2c c:/eclipsestm/toolchain/bin/../lib/gcc/arm-none-eabi/6.3.1/../../../../arm-none-eabi/lib/thumb/v7e-m\libg_nano.a(lib_a-findfp.o)
                0x08001cf4                __sfmoreglue
 .text.__sinit  0x08001d20       0x60 c:/eclipsestm/toolchain/bin/../lib/gcc/arm-none-eabi/6.3.1/../../../../arm-none-eabi/lib/thumb/v7e-m\libg_nano.a(lib_a-findfp.o)
                0x08001d20                __sinit
 .text.__sfp    0x08001d80       0x78 c:/eclipsestm/toolchain/bin/../lib/gcc/arm-none-eabi/6.3.1/../../../../arm-none-eabi/lib/thumb/v7e-m\libg_nano.a(lib_a-findfp.o)
                0x08001d80                __sfp
 .text._fwalk_reent
                0x08001df8       0x3c c:/eclipsestm/toolchain/bin/../lib/gcc/arm-none-eabi/6.3.1/../../../../arm-none-eabi/lib/thumb/v7e-m\libg_nano.a(lib_a-fwalk.o)
                0x08001df8                _fwalk_reent
 .text._fwrite_r
                0x08001e34       0x9c c:/eclipsestm/toolchain/bin/../lib/gcc/arm-none-eabi/6.3.1/../../../../arm-none-eabi/lib/thumb/v7e-m\libg_nano.a(lib_a-fwrite.o)
                0x08001e34                _fwrite_r
 .text.fwrite   0x08001ed0       0x1c c:/eclipsestm/toolchain/bin/../lib/gcc/arm-none-eabi/6.3.1/../../../../arm-none-eabi/lib/thumb/v7e-m\libg_nano.a(lib_a-fwrite.o)
                0x08001ed0                fwrite
 .text.__locale_ctype_ptr_l
                0x08001eec        0x6 c:/eclipsestm/toolchain/bin/../lib/gcc/arm-none-eabi/6.3.1/../../../../arm-none-eabi/lib/thumb/v7e-m\libg_nano.a(lib_a-locale.o)
                0x08001eec                __locale_ctype_ptr_l
 *fill*         0x08001ef2        0x2 
 .text.__locale_ctype_ptr
                0x08001ef4       0x1c c:/eclipsestm/toolchain/bin/../lib/gcc/arm-none-eabi/6.3.1/../../../../arm-none-eabi/lib/thumb/v7e-m\libg_nano.a(lib_a-locale.o)
                0x08001ef4                __locale_ctype_ptr
 .text.__ascii_mbtowc
                0x08001f10       0x24 c:/eclipsestm/toolchain/bin/../lib/gcc/arm-none-eabi/6.3.1/../../../../arm-none-eabi/lib/thumb/v7e-m\libg_nano.a(lib_a-mbtowc_r.o)
                0x08001f10                __ascii_mbtowc
 .text.memset   0x08001f34       0x10 c:/eclipsestm/toolchain/bin/../lib/gcc/arm-none-eabi/6.3.1/../../../../arm-none-eabi/lib/thumb/v7e-m\libg_nano.a(lib_a-memset.o)
                0x08001f34                memset
 .text._malloc_r
                0x08001f44       0xbc c:/eclipsestm/toolchain/bin/../lib/gcc/arm-none-eabi/6.3.1/../../../../arm-none-eabi/lib/thumb/v7e-m\libg_nano.a(lib_a-nano-mallocr.o)
                0x08001f44                _malloc_r
 .text._puts_r  0x08002000       0xb8 c:/eclipsestm/toolchain/bin/../lib/gcc/arm-none-eabi/6.3.1/../../../../arm-none-eabi/lib/thumb/v7e-m\libg_nano.a(lib_a-puts.o)
                0x08002000                _puts_r
 .text.puts     0x080020b8       0x10 c:/eclipsestm/toolchain/bin/../lib/gcc/arm-none-eabi/6.3.1/../../../../arm-none-eabi/lib/thumb/v7e-m\libg_nano.a(lib_a-puts.o)
                0x080020b8                puts
 .text._sbrk_r  0x080020c8       0x20 c:/eclipsestm/toolchain/bin/../lib/gcc/arm-none-eabi/6.3.1/../../../../arm-none-eabi/lib/thumb/v7e-m\libg_nano.a(lib_a-sbrkr.o)
                0x080020c8                _sbrk_r
 .text.__sread  0x080020e8       0x22 c:/eclipsestm/toolchain/bin/../lib/gcc/arm-none-eabi/6.3.1/../../../../arm-none-eabi/lib/thumb/v7e-m\libg_nano.a(lib_a-stdio.o)
                0x080020e8                __sread
 .text.__swrite
                0x0800210a       0x38 c:/eclipsestm/toolchain/bin/../lib/gcc/arm-none-eabi/6.3.1/../../../../arm-none-eabi/lib/thumb/v7e-m\libg_nano.a(lib_a-stdio.o)
                0x0800210a                __swrite
 .text.__sseek  0x08002142       0x24 c:/eclipsestm/toolchain/bin/../lib/gcc/arm-none-eabi/6.3.1/../../../../arm-none-eabi/lib/thumb/v7e-m\libg_nano.a(lib_a-stdio.o)
                0x08002142                __sseek
 .text.__sclose
                0x08002166        0x8 c:/eclipsestm/toolchain/bin/../lib/gcc/arm-none-eabi/6.3.1/../../../../arm-none-eabi/lib/thumb/v7e-m\libg_nano.a(lib_a-stdio.o)
                0x08002166                __sclose
 .text          0x0800216e       0x14 c:/eclipsestm/toolchain/bin/../lib/gcc/arm-none-eabi/6.3.1/../../../../arm-none-eabi/lib/thumb/v7e-m\libg_nano.a(lib_a-strcmp.o)
                0x0800216e                strcmp
 .text          0x08002182       0x10 c:/eclipsestm/toolchain/bin/../lib/gcc/arm-none-eabi/6.3.1/../../../../arm-none-eabi/lib/thumb/v7e-m\libg_nano.a(lib_a-strlen.o)
                0x08002182                strlen
 .text._strtol_l.isra.0
                0x08002192      0x100 c:/eclipsestm/toolchain/bin/../lib/gcc/arm-none-eabi/6.3.1/../../../../arm-none-eabi/lib/thumb/v7e-m\libg_nano.a(lib_a-strtol.o)
 *fill*         0x08002292        0x2 
 .text.strtol   0x08002294       0x2c c:/eclipsestm/toolchain/bin/../lib/gcc/arm-none-eabi/6.3.1/../../../../arm-none-eabi/lib/thumb/v7e-m\libg_nano.a(lib_a-strtol.o)
                0x08002294                strtol
 .text._vsnprintf_r
                0x080022c0       0x58 c:/eclipsestm/toolchain/bin/../lib/gcc/arm-none-eabi/6.3.1/../../../../arm-none-eabi/lib/thumb/v7e-m\libg_nano.a(lib_a-vsnprintf.o)
                0x080022c0                _vsniprintf_r
                0x080022c0                _vsnprintf_r
 .text.vsnprintf
                0x08002318       0x1c c:/eclipsestm/toolchain/bin/../lib/gcc/arm-none-eabi/6.3.1/../../../../arm-none-eabi/lib/thumb/v7e-m\libg_nano.a(lib_a-vsnprintf.o)
                0x08002318                vsniprintf
                0x08002318                vsnprintf
 .text.__swbuf_r
                0x08002334       0xa4 c:/eclipsestm/toolchain/bin/../lib/gcc/arm-none-eabi/6.3.1/../../../../arm-none-eabi/lib/thumb/v7e-m\libg_nano.a(lib_a-wbuf.o)
                0x08002334                __swbuf_r
 .text.__ascii_wctomb
                0x080023d8       0x1a c:/eclipsestm/toolchain/bin/../lib/gcc/arm-none-eabi/6.3.1/../../../../arm-none-eabi/lib/thumb/v7e-m\libg_nano.a(lib_a-wctomb_r.o)
                0x080023d8                __ascii_wctomb
 *fill*         0x080023f2        0x2 
 .text._write_r
                0x080023f4       0x24 c:/eclipsestm/toolchain/bin/../lib/gcc/arm-none-eabi/6.3.1/../../../../arm-none-eabi/lib/thumb/v7e-m\libg_nano.a(lib_a-writer.o)
                0x080023f4                _write_r
 .text.__swsetup_r
                0x08002418       0xdc c:/eclipsestm/toolchain/bin/../lib/gcc/arm-none-eabi/6.3.1/../../../../arm-none-eabi/lib/thumb/v7e-m\libg_nano.a(lib_a-wsetup.o)
                0x08002418                __swsetup_r
 .text._close_r
                0x080024f4       0x20 c:/eclipsestm/toolchain/bin/../lib/gcc/arm-none-eabi/6.3.1/../../../../arm-none-eabi/lib/thumb/v7e-m\libg_nano.a(lib_a-closer.o)
                0x080024f4                _close_r
 .text.__sflush_r
                0x08002514      0x110 c:/eclipsestm/toolchain/bin/../lib/gcc/arm-none-eabi/6.3.1/../../../../arm-none-eabi/lib/thumb/v7e-m\libg_nano.a(lib_a-fflush.o)
                0x08002514                __sflush_r
 .text._fflush_r
                0x08002624       0x54 c:/eclipsestm/toolchain/bin/../lib/gcc/arm-none-eabi/6.3.1/../../../../arm-none-eabi/lib/thumb/v7e-m\libg_nano.a(lib_a-fflush.o)
                0x08002624                _fflush_r
 .text._lseek_r
                0x08002678       0x24 c:/eclipsestm/toolchain/bin/../lib/gcc/arm-none-eabi/6.3.1/../../../../arm-none-eabi/lib/thumb/v7e-m\libg_nano.a(lib_a-lseekr.o)
                0x08002678                _lseek_r
 .text.__swhatbuf_r
                0x0800269c       0x48 c:/eclipsestm/toolchain/bin/../lib/gcc/arm-none-eabi/6.3.1/../../../../arm-none-eabi/lib/thumb/v7e-m\libg_nano.a(lib_a-makebuf.o)
                0x0800269c                __swhatbuf_r
 .text.__smakebuf_r
                0x080026e4       0x80 c:/eclipsestm/toolchain/bin/../lib/gcc/arm-none-eabi/6.3.1/../../../../arm-none-eabi/lib/thumb/v7e-m\libg_nano.a(lib_a-makebuf.o)
                0x080026e4                __smakebuf_r
 .text.__malloc_lock
                0x08002764        0x2 c:/eclipsestm/toolchain/bin/../lib/gcc/arm-none-eabi/6.3.1/../../../../arm-none-eabi/lib/thumb/v7e-m\libg_nano.a(lib_a-mlock.o)
                0x08002764                __malloc_lock
 .text.__malloc_unlock
                0x08002766        0x2 c:/eclipsestm/toolchain/bin/../lib/gcc/arm-none-eabi/6.3.1/../../../../arm-none-eabi/lib/thumb/v7e-m\libg_nano.a(lib_a-mlock.o)
                0x08002766                __malloc_unlock
 .text._free_r  0x08002768       0x9c c:/eclipsestm/toolchain/bin/../lib/gcc/arm-none-eabi/6.3.1/../../../../arm-none-eabi/lib/thumb/v7e-m\libg_nano.a(lib_a-nano-freer.o)
                0x08002768                _free_r
 .text.__ssputs_r
                0x08002804       0xb6 c:/eclipsestm/toolchain/bin/../lib/gcc/arm-none-eabi/6.3.1/../../../../arm-none-eabi/lib/thumb/v7e-m\libg_nano.a(lib_a-nano-svfprintf.o)
                0x08002804                __ssputs_r
 *fill*         0x080028ba        0x2 
 .text._svfprintf_r
                0x080028bc      0x1e8 c:/eclipsestm/toolchain/bin/../lib/gcc/arm-none-eabi/6.3.1/../../../../arm-none-eabi/lib/thumb/v7e-m\libg_nano.a(lib_a-nano-svfprintf.o)
                0x080028bc                _svfiprintf_r
                0x080028bc                _svfprintf_r
 .text._printf_common
                0x08002aa4       0xec c:/eclipsestm/toolchain/bin/../lib/gcc/arm-none-eabi/6.3.1/../../../../arm-none-eabi/lib/thumb/v7e-m\libg_nano.a(lib_a-nano-vfprintf_i.o)
                0x08002aa4                _printf_common
 .text._printf_i
                0x08002b90      0x240 c:/eclipsestm/toolchain/bin/../lib/gcc/arm-none-eabi/6.3.1/../../../../arm-none-eabi/lib/thumb/v7e-m\libg_nano.a(lib_a-nano-vfprintf_i.o)
                0x08002b90                _printf_i
 .text._read_r  0x08002dd0       0x24 c:/eclipsestm/toolchain/bin/../lib/gcc/arm-none-eabi/6.3.1/../../../../arm-none-eabi/lib/thumb/v7e-m\libg_nano.a(lib_a-readr.o)
                0x08002dd0                _read_r
 .text._fstat_r
                0x08002df4       0x24 c:/eclipsestm/toolchain/bin/../lib/gcc/arm-none-eabi/6.3.1/../../../../arm-none-eabi/lib/thumb/v7e-m\libg_nano.a(lib_a-fstatr.o)
                0x08002df4                _fstat_r
 .text._isatty_r
                0x08002e18       0x20 c:/eclipsestm/toolchain/bin/../lib/gcc/arm-none-eabi/6.3.1/../../../../arm-none-eabi/lib/thumb/v7e-m\libg_nano.a(lib_a-isattyr.o)
                0x08002e18                _isatty_r
 *fill*         0x08002e38        0x8 
 .text          0x08002e40       0xa0 c:/eclipsestm/toolchain/bin/../lib/gcc/arm-none-eabi/6.3.1/../../../../arm-none-eabi/lib/thumb/v7e-m\libg_nano.a(lib_a-memchr.o)
                0x08002e40                memchr
 .text.memcpy   0x08002ee0       0x16 c:/eclipsestm/toolchain/bin/../lib/gcc/arm-none-eabi/6.3.1/../../../../arm-none-eabi/lib/thumb/v7e-m\libg_nano.a(lib_a-memcpy-stub.o)
                0x08002ee0                memcpy
 .text.memmove  0x08002ef6       0x34 c:/eclipsestm/toolchain/bin/../lib/gcc/arm-none-eabi/6.3.1/../../../../arm-none-eabi/lib/thumb/v7e-m\libg_nano.a(lib_a-memmove.o)
                0x08002ef6                memmove
 .text._realloc_r
                0x08002f2a       0x4c c:/eclipsestm/toolchain/bin/../lib/gcc/arm-none-eabi/6.3.1/../../../../arm-none-eabi/lib/thumb/v7e-m\libg_nano.a(lib_a-nano-reallocr.o)
                0x08002f2a                _realloc_r
 .text._malloc_usable_size_r
                0x08002f76       0x12 c:/eclipsestm/toolchain/bin/../lib/gcc/arm-none-eabi/6.3.1/../../../../arm-none-eabi/lib/thumb/v7e-m\libg_nano.a(lib_a-nano-msizer.o)
                0x08002f76                _malloc_usable_size_r
 *(.rodata .rodata.* .constdata .constdata.*)
 .rodata.HAL_NVIC_SetPriorityGrouping.str1.4
                0x08002f88       0x31 ./system/src/stm32f4-hal/stm32f4xx_hal_cortex.o
 *fill*         0x08002fb9        0x3 
 .rodata.HAL_GPIO_Init.str1.4
                0x08002fbc       0x2f ./system/src/stm32f4-hal/stm32f4xx_hal_gpio.o
 *fill*         0x08002feb        0x1 
 .rodata.APBAHBPrescTable
                0x08002fec       0x10 ./system/src/stm32f4-hal/stm32f4xx_hal_rcc.o
                0x08002fec                APBAHBPrescTable
 .rodata.HAL_RCC_OscConfig.str1.4
                0x08002ffc       0x2e ./system/src/stm32f4-hal/stm32f4xx_hal_rcc.o
 *fill*         0x0800302a        0x2 
 .rodata.abort.str1.4
                0x0800302c       0x14 ./system/src/newlib/_exit.o
 .rodata.initialise_monitor_handles.str1.4
                0x08003040        0x4 ./system/src/newlib/_syscalls.o
 .rodata.assert_failed.str1.4
                0x08003044       0x2b ./system/src/newlib/assert.o
 *fill*         0x0800306f        0x1 
 .rodata.trace_dump_args.str1.4
                0x08003070       0x29 ./system/src/diag/Trace.o
 .rodata.trace_puts.str1.4
                0x08003099       0x29 ./system/src/diag/Trace.o
                                  0x2 (size before relaxing)
 *fill*         0x08003099        0x3 
 .rodata.dumpExceptionStack.str1.4
                0x0800309c      0x11a ./system/src/cortexm/exception_handlers.o
 .rodata.isSemihosting.str1.4
                0x080031b6        0x4 ./system/src/cortexm/exception_handlers.o
 *fill*         0x080031b6        0x2 
 .rodata.str1.4
                0x080031b8       0x2a ./system/src/cortexm/exception_handlers.o
 *fill*         0x080031e2        0x2 
 .rodata.AHBPrescTable
                0x080031e4       0x10 ./system/src/cmsis/system_stm32f4xx.o
                0x080031e4                AHBPrescTable
 .rodata.main.str1.4
                0x080031f4       0x70 ./src/main.o
                                 0x6f (size before relaxing)
 .rodata.__sf_fake_stderr
                0x08003264       0x20 c:/eclipsestm/toolchain/bin/../lib/gcc/arm-none-eabi/6.3.1/../../../../arm-none-eabi/lib/thumb/v7e-m\libg_nano.a(lib_a-findfp.o)
                0x08003264                __sf_fake_stderr
 .rodata.__sf_fake_stdin
                0x08003284       0x20 c:/eclipsestm/toolchain/bin/../lib/gcc/arm-none-eabi/6.3.1/../../../../arm-none-eabi/lib/thumb/v7e-m\libg_nano.a(lib_a-findfp.o)
                0x08003284                __sf_fake_stdin
 .rodata.__sf_fake_stdout
                0x080032a4       0x20 c:/eclipsestm/toolchain/bin/../lib/gcc/arm-none-eabi/6.3.1/../../../../arm-none-eabi/lib/thumb/v7e-m\libg_nano.a(lib_a-findfp.o)
                0x080032a4                __sf_fake_stdout
 .rodata._global_impure_ptr
                0x080032c4        0x4 c:/eclipsestm/toolchain/bin/../lib/gcc/arm-none-eabi/6.3.1/../../../../arm-none-eabi/lib/thumb/v7e-m\libg_nano.a(lib_a-impure.o)
                0x080032c4                _global_impure_ptr
 .rodata._setlocale_r.str1.1
                0x080032c8        0x8 c:/eclipsestm/toolchain/bin/../lib/gcc/arm-none-eabi/6.3.1/../../../../arm-none-eabi/lib/thumb/v7e-m\libg_nano.a(lib_a-locale.o)
                                  0x9 (size before relaxing)
 .rodata.str1.1
                0x080032d0        0x2 c:/eclipsestm/toolchain/bin/../lib/gcc/arm-none-eabi/6.3.1/../../../../arm-none-eabi/lib/thumb/v7e-m\libg_nano.a(lib_a-locale.o)
 .rodata._ctype_
                0x080032d2      0x101 c:/eclipsestm/toolchain/bin/../lib/gcc/arm-none-eabi/6.3.1/../../../../arm-none-eabi/lib/thumb/v7e-m\libg_nano.a(lib_a-ctype_.o)
                0x080032d2                _ctype_
 .rodata._svfprintf_r.str1.1
                0x080033d3       0x11 c:/eclipsestm/toolchain/bin/../lib/gcc/arm-none-eabi/6.3.1/../../../../arm-none-eabi/lib/thumb/v7e-m\libg_nano.a(lib_a-nano-svfprintf.o)
 .rodata._printf_i.str1.1
                0x080033e4       0x22 c:/eclipsestm/toolchain/bin/../lib/gcc/arm-none-eabi/6.3.1/../../../../arm-none-eabi/lib/thumb/v7e-m\libg_nano.a(lib_a-nano-vfprintf_i.o)
 *(vtable)
 *(.eh_frame*)
 *(.glue_7)
 .glue_7        0x08003406        0x0 linker stubs
 *(.glue_7t)
 .glue_7t       0x08003406        0x0 linker stubs

.vfp11_veneer   0x08003408        0x0
 .vfp11_veneer  0x08003408        0x0 linker stubs

.v4_bx          0x08003408        0x0
 .v4_bx         0x08003408        0x0 linker stubs

.iplt           0x08003408        0x0
 .iplt          0x08003408        0x0 ./system/src/stm32f4-hal/stm32f4xx_hal.o

.rel.dyn        0x08003408        0x0
 .rel.iplt      0x08003408        0x0 ./system/src/stm32f4-hal/stm32f4xx_hal.o

.ARM.extab
 *(.ARM.extab* .gnu.linkonce.armextab.*)
                0x08003408                . = ALIGN (0x4)
                0x08003408                __exidx_start = .

.ARM.exidx
 *(.ARM.exidx* .gnu.linkonce.armexidx.*)
                0x08003408                __exidx_end = .
                0x08003408                . = ALIGN (0x4)
                0x08003408                _etext = .
                0x08003408                __etext = .

.data_CCMRAM    0x10000000        0x0 load address 0x08003408
 FILL mask 0xff
 *(.data.CCMRAM .data.CCMRAM.*)
                0x10000000                . = ALIGN (0x4)
                0x08003408                _sidata = LOADADDR (.data)

.data           0x20000000      0x1dc load address 0x08003408
 FILL mask 0xff
                0x20000000                _sdata = .
                0x20000000                __data_start__ = .
 *(.data_begin .data_begin.*)
 .data_begin    0x20000000        0x4 ./system/src/newlib/_startup.o
 *(.data .data.*)
 .data.SystemCoreClock
                0x20000004        0x4 ./system/src/cmsis/system_stm32f4xx.o
                0x20000004                SystemCoreClock
 .data._impure_ptr
                0x20000008        0x4 c:/eclipsestm/toolchain/bin/../lib/gcc/arm-none-eabi/6.3.1/../../../../arm-none-eabi/lib/thumb/v7e-m\libg_nano.a(lib_a-impure.o)
                0x20000008                _impure_ptr
 .data.impure_data
                0x2000000c       0x60 c:/eclipsestm/toolchain/bin/../lib/gcc/arm-none-eabi/6.3.1/../../../../arm-none-eabi/lib/thumb/v7e-m\libg_nano.a(lib_a-impure.o)
 .data.__global_locale
                0x2000006c      0x16c c:/eclipsestm/toolchain/bin/../lib/gcc/arm-none-eabi/6.3.1/../../../../arm-none-eabi/lib/thumb/v7e-m\libg_nano.a(lib_a-locale.o)
                0x2000006c                __global_locale
 *(.data_end .data_end.*)
 .data_end      0x200001d8        0x4 ./system/src/newlib/_startup.o
                0x200001dc                . = ALIGN (0x4)
                0x200001dc                _edata = .
                0x200001dc                __data_end__ = .

.igot.plt       0x200001dc        0x0 load address 0x080035e4
 .igot.plt      0x200001dc        0x0 ./system/src/stm32f4-hal/stm32f4xx_hal.o

.bss_CCMRAM     0x10000000        0x0
 *(.bss.CCMRAM .bss.CCMRAM.*)

.bss            0x200001dc      0x204
                0x200001dc                __bss_start__ = .
                0x200001dc                _sbss = .
 *(.bss_begin .bss_begin.*)
 .bss_begin     0x200001dc        0x4 ./system/src/newlib/_startup.o
 *(.bss .bss.*)
 .bss.current_heap_end.4427
                0x200001e0        0x4 ./system/src/newlib/_sbrk.o
 .bss.args_buf.6278
                0x200001e4       0x50 ./system/src/newlib/_syscalls.o
 .bss.argv_buf.6279
                0x20000234       0x28 ./system/src/newlib/_syscalls.o
 .bss.monitor_stderr
                0x2000025c        0x4 ./system/src/newlib/_syscalls.o
 .bss.monitor_stdin
                0x20000260        0x4 ./system/src/newlib/_syscalls.o
 .bss.monitor_stdout
                0x20000264        0x4 ./system/src/newlib/_syscalls.o
 .bss.openfiles
                0x20000268       0xa0 ./system/src/newlib/_syscalls.o
 .bss.buf.5632  0x20000308       0x80 ./system/src/diag/Trace.o
 .bss._ZN5Timer13ms_delayCountE
                0x20000388        0x4 ./src/Timer.o
                0x20000388                Timer::ms_delayCount
 .bss.blinkLeds
                0x2000038c       0x40 ./src/main.o
                0x2000038c                blinkLeds
 .bss.__malloc_free_list
                0x200003cc        0x4 c:/eclipsestm/toolchain/bin/../lib/gcc/arm-none-eabi/6.3.1/../../../../arm-none-eabi/lib/thumb/v7e-m\libg_nano.a(lib_a-nano-mallocr.o)
                0x200003cc                __malloc_free_list
 .bss.__malloc_sbrk_start
                0x200003d0        0x4 c:/eclipsestm/toolchain/bin/../lib/gcc/arm-none-eabi/6.3.1/../../../../arm-none-eabi/lib/thumb/v7e-m\libg_nano.a(lib_a-nano-mallocr.o)
                0x200003d0                __malloc_sbrk_start
 *(COMMON)
 COMMON         0x200003d4        0x4 ./system/src/stm32f4-hal/stm32f4xx_hal.o
                0x200003d4                uwTick
 COMMON         0x200003d8        0x4 ./system/src/newlib/_syscalls.o
                0x200003d8                errno
 *(.bss_end .bss_end.*)
 .bss_end       0x200003dc        0x4 ./system/src/newlib/_startup.o
                0x200003e0                . = ALIGN (0x4)
                0x200003e0                __bss_end__ = .
                0x200003e0                _ebss = .

.noinit_CCMRAM
 *(.noinit.CCMRAM .noinit.CCMRAM.*)

.noinit         0x200003e0        0x0
                0x200003e0                _noinit = .
 *(.noinit .noinit.*)
                0x200003e0                . = ALIGN (0x4)
                0x200003e0                _end_noinit = .
                [!provide]                PROVIDE (end, _end_noinit)
                [!provide]                PROVIDE (_end, _end_noinit)
                [!provide]                PROVIDE (__end, _end_noinit)
                [!provide]                PROVIDE (__end__, _end_noinit)

._check_stack   0x200003e0      0x100
                0x200004e0                . = (. + _Minimum_Stack_Size)
 *fill*         0x200003e0      0x100 

.b1text
 *(.b1text)
 *(.b1rodata)
 *(.b1rodata.*)

.eb0text
 *(.eb0text)
 *(.eb0rodata)
 *(.eb0rodata.*)

.eb1text
 *(.eb1text)
 *(.eb1rodata)
 *(.eb1rodata.*)

.eb2text
 *(.eb2text)
 *(.eb2rodata)
 *(.eb2rodata.*)

.eb3text
 *(.eb3text)
 *(.eb3rodata)
 *(.eb3rodata.*)

.stab
 *(.stab)

.stabstr
 *(.stabstr)

.stab.excl
 *(.stab.excl)

.stab.exclstr
 *(.stab.exclstr)

.stab.index
 *(.stab.index)

.stab.indexstr
 *(.stab.indexstr)

.comment        0x00000000       0x7f
 *(.comment)
 .comment       0x00000000       0x7f ./system/src/stm32f4-hal/stm32f4xx_hal.o
                                 0x80 (size before relaxing)
 .comment       0x0000007f       0x80 ./system/src/stm32f4-hal/stm32f4xx_hal_cortex.o
 .comment       0x0000007f       0x80 ./system/src/stm32f4-hal/stm32f4xx_hal_gpio.o
 .comment       0x0000007f       0x80 ./system/src/stm32f4-hal/stm32f4xx_hal_rcc.o
 .comment       0x0000007f       0x80 ./system/src/newlib/_exit.o
 .comment       0x0000007f       0x80 ./system/src/newlib/_sbrk.o
 .comment       0x0000007f       0x80 ./system/src/newlib/_startup.o
 .comment       0x0000007f       0x80 ./system/src/newlib/_syscalls.o
 .comment       0x0000007f       0x80 ./system/src/newlib/assert.o
 .comment       0x0000007f       0x80 ./system/src/diag/Trace.o
 .comment       0x0000007f       0x80 ./system/src/diag/trace_impl.o
 .comment       0x0000007f       0x80 ./system/src/cortexm/_initialize_hardware.o
 .comment       0x0000007f       0x80 ./system/src/cortexm/exception_handlers.o
 .comment       0x0000007f       0x80 ./system/src/cmsis/system_stm32f4xx.o
 .comment       0x0000007f       0x80 ./system/src/cmsis/vectors_stm32f407xx.o
 .comment       0x0000007f       0x80 ./src/BlinkLed.o
 .comment       0x0000007f       0x80 ./src/Timer.o
 .comment       0x0000007f       0x80 ./src/_initialize_hardware.o
 .comment       0x0000007f       0x80 ./src/main.o
 .comment       0x0000007f       0x80 ./src/stm32f4xx_hal_msp.o

.ARM.attributes
                0x00000000       0x31
 .ARM.attributes
                0x00000000       0x33 ./system/src/stm32f4-hal/stm32f4xx_hal.o
 .ARM.attributes
                0x00000033       0x33 ./system/src/stm32f4-hal/stm32f4xx_hal_cortex.o
 .ARM.attributes
                0x00000066       0x33 ./system/src/stm32f4-hal/stm32f4xx_hal_gpio.o
 .ARM.attributes
                0x00000099       0x33 ./system/src/stm32f4-hal/stm32f4xx_hal_rcc.o
 .ARM.attributes
                0x000000cc       0x33 ./system/src/newlib/_exit.o
 .ARM.attributes
                0x000000ff       0x33 ./system/src/newlib/_sbrk.o
 .ARM.attributes
                0x00000132       0x33 ./system/src/newlib/_startup.o
 .ARM.attributes
                0x00000165       0x33 ./system/src/newlib/_syscalls.o
 .ARM.attributes
                0x00000198       0x33 ./system/src/newlib/assert.o
 .ARM.attributes
                0x000001cb       0x33 ./system/src/diag/Trace.o
 .ARM.attributes
                0x000001fe       0x33 ./system/src/diag/trace_impl.o
 .ARM.attributes
                0x00000231       0x33 ./system/src/cortexm/_initialize_hardware.o
 .ARM.attributes
                0x00000264       0x33 ./system/src/cortexm/exception_handlers.o
 .ARM.attributes
                0x00000297       0x33 ./system/src/cmsis/system_stm32f4xx.o
 .ARM.attributes
                0x000002ca       0x33 ./system/src/cmsis/vectors_stm32f407xx.o
 .ARM.attributes
                0x000002fd       0x33 ./src/BlinkLed.o
 .ARM.attributes
                0x00000330       0x33 ./src/Timer.o
 .ARM.attributes
                0x00000363       0x33 ./src/_initialize_hardware.o
 .ARM.attributes
                0x00000396       0x33 ./src/main.o
 .ARM.attributes
                0x000003c9       0x33 ./src/stm32f4xx_hal_msp.o
 .ARM.attributes
                0x000003fc       0x2e c:/eclipsestm/toolchain/bin/../lib/gcc/arm-none-eabi/6.3.1/../../../../arm-none-eabi/lib/thumb/v7e-m\libg_nano.a(lib_a-atoi.o)
 .ARM.attributes
                0x0000042a       0x2e c:/eclipsestm/toolchain/bin/../lib/gcc/arm-none-eabi/6.3.1/../../../../arm-none-eabi/lib/thumb/v7e-m\libg_nano.a(lib_a-errno.o)
 .ARM.attributes
                0x00000458       0x2e c:/eclipsestm/toolchain/bin/../lib/gcc/arm-none-eabi/6.3.1/../../../../arm-none-eabi/lib/thumb/v7e-m\libg_nano.a(lib_a-findfp.o)
 .ARM.attributes
                0x00000486       0x2e c:/eclipsestm/toolchain/bin/../lib/gcc/arm-none-eabi/6.3.1/../../../../arm-none-eabi/lib/thumb/v7e-m\libg_nano.a(lib_a-fwalk.o)
 .ARM.attributes
                0x000004b4       0x2e c:/eclipsestm/toolchain/bin/../lib/gcc/arm-none-eabi/6.3.1/../../../../arm-none-eabi/lib/thumb/v7e-m\libg_nano.a(lib_a-fwrite.o)
 .ARM.attributes
                0x000004e2       0x2e c:/eclipsestm/toolchain/bin/../lib/gcc/arm-none-eabi/6.3.1/../../../../arm-none-eabi/lib/thumb/v7e-m\libg_nano.a(lib_a-impure.o)
 .ARM.attributes
                0x00000510       0x2e c:/eclipsestm/toolchain/bin/../lib/gcc/arm-none-eabi/6.3.1/../../../../arm-none-eabi/lib/thumb/v7e-m\libg_nano.a(lib_a-locale.o)
 .ARM.attributes
                0x0000053e       0x2e c:/eclipsestm/toolchain/bin/../lib/gcc/arm-none-eabi/6.3.1/../../../../arm-none-eabi/lib/thumb/v7e-m\libg_nano.a(lib_a-mbtowc_r.o)
 .ARM.attributes
                0x0000056c       0x2e c:/eclipsestm/toolchain/bin/../lib/gcc/arm-none-eabi/6.3.1/../../../../arm-none-eabi/lib/thumb/v7e-m\libg_nano.a(lib_a-memset.o)
 .ARM.attributes
                0x0000059a       0x2e c:/eclipsestm/toolchain/bin/../lib/gcc/arm-none-eabi/6.3.1/../../../../arm-none-eabi/lib/thumb/v7e-m\libg_nano.a(lib_a-nano-mallocr.o)
 .ARM.attributes
                0x000005c8       0x2e c:/eclipsestm/toolchain/bin/../lib/gcc/arm-none-eabi/6.3.1/../../../../arm-none-eabi/lib/thumb/v7e-m\libg_nano.a(lib_a-puts.o)
 .ARM.attributes
                0x000005f6       0x2e c:/eclipsestm/toolchain/bin/../lib/gcc/arm-none-eabi/6.3.1/../../../../arm-none-eabi/lib/thumb/v7e-m\libg_nano.a(lib_a-sbrkr.o)
 .ARM.attributes
                0x00000624       0x2e c:/eclipsestm/toolchain/bin/../lib/gcc/arm-none-eabi/6.3.1/../../../../arm-none-eabi/lib/thumb/v7e-m\libg_nano.a(lib_a-stdio.o)
 .ARM.attributes
                0x00000652       0x1c c:/eclipsestm/toolchain/bin/../lib/gcc/arm-none-eabi/6.3.1/../../../../arm-none-eabi/lib/thumb/v7e-m\libg_nano.a(lib_a-strcmp.o)
 .ARM.attributes
                0x0000066e       0x17 c:/eclipsestm/toolchain/bin/../lib/gcc/arm-none-eabi/6.3.1/../../../../arm-none-eabi/lib/thumb/v7e-m\libg_nano.a(lib_a-strlen.o)
 .ARM.attributes
                0x00000685       0x2e c:/eclipsestm/toolchain/bin/../lib/gcc/arm-none-eabi/6.3.1/../../../../arm-none-eabi/lib/thumb/v7e-m\libg_nano.a(lib_a-strtol.o)
 .ARM.attributes
                0x000006b3       0x2e c:/eclipsestm/toolchain/bin/../lib/gcc/arm-none-eabi/6.3.1/../../../../arm-none-eabi/lib/thumb/v7e-m\libg_nano.a(lib_a-vsnprintf.o)
 .ARM.attributes
                0x000006e1       0x2e c:/eclipsestm/toolchain/bin/../lib/gcc/arm-none-eabi/6.3.1/../../../../arm-none-eabi/lib/thumb/v7e-m\libg_nano.a(lib_a-wbuf.o)
 .ARM.attributes
                0x0000070f       0x2e c:/eclipsestm/toolchain/bin/../lib/gcc/arm-none-eabi/6.3.1/../../../../arm-none-eabi/lib/thumb/v7e-m\libg_nano.a(lib_a-wctomb_r.o)
 .ARM.attributes
                0x0000073d       0x2e c:/eclipsestm/toolchain/bin/../lib/gcc/arm-none-eabi/6.3.1/../../../../arm-none-eabi/lib/thumb/v7e-m\libg_nano.a(lib_a-writer.o)
 .ARM.attributes
                0x0000076b       0x2e c:/eclipsestm/toolchain/bin/../lib/gcc/arm-none-eabi/6.3.1/../../../../arm-none-eabi/lib/thumb/v7e-m\libg_nano.a(lib_a-wsetup.o)
 .ARM.attributes
                0x00000799       0x2e c:/eclipsestm/toolchain/bin/../lib/gcc/arm-none-eabi/6.3.1/../../../../arm-none-eabi/lib/thumb/v7e-m\libg_nano.a(lib_a-closer.o)
 .ARM.attributes
                0x000007c7       0x2e c:/eclipsestm/toolchain/bin/../lib/gcc/arm-none-eabi/6.3.1/../../../../arm-none-eabi/lib/thumb/v7e-m\libg_nano.a(lib_a-ctype_.o)
 .ARM.attributes
                0x000007f5       0x2e c:/eclipsestm/toolchain/bin/../lib/gcc/arm-none-eabi/6.3.1/../../../../arm-none-eabi/lib/thumb/v7e-m\libg_nano.a(lib_a-fflush.o)
 .ARM.attributes
                0x00000823       0x2e c:/eclipsestm/toolchain/bin/../lib/gcc/arm-none-eabi/6.3.1/../../../../arm-none-eabi/lib/thumb/v7e-m\libg_nano.a(lib_a-lseekr.o)
 .ARM.attributes
                0x00000851       0x2e c:/eclipsestm/toolchain/bin/../lib/gcc/arm-none-eabi/6.3.1/../../../../arm-none-eabi/lib/thumb/v7e-m\libg_nano.a(lib_a-makebuf.o)
 .ARM.attributes
                0x0000087f       0x2e c:/eclipsestm/toolchain/bin/../lib/gcc/arm-none-eabi/6.3.1/../../../../arm-none-eabi/lib/thumb/v7e-m\libg_nano.a(lib_a-mlock.o)
 .ARM.attributes
                0x000008ad       0x2e c:/eclipsestm/toolchain/bin/../lib/gcc/arm-none-eabi/6.3.1/../../../../arm-none-eabi/lib/thumb/v7e-m\libg_nano.a(lib_a-nano-freer.o)
 .ARM.attributes
                0x000008db       0x2e c:/eclipsestm/toolchain/bin/../lib/gcc/arm-none-eabi/6.3.1/../../../../arm-none-eabi/lib/thumb/v7e-m\libg_nano.a(lib_a-nano-svfprintf.o)
 .ARM.attributes
                0x00000909       0x2e c:/eclipsestm/toolchain/bin/../lib/gcc/arm-none-eabi/6.3.1/../../../../arm-none-eabi/lib/thumb/v7e-m\libg_nano.a(lib_a-nano-vfprintf_i.o)
 .ARM.attributes
                0x00000937       0x2e c:/eclipsestm/toolchain/bin/../lib/gcc/arm-none-eabi/6.3.1/../../../../arm-none-eabi/lib/thumb/v7e-m\libg_nano.a(lib_a-readr.o)
 .ARM.attributes
                0x00000965       0x2e c:/eclipsestm/toolchain/bin/../lib/gcc/arm-none-eabi/6.3.1/../../../../arm-none-eabi/lib/thumb/v7e-m\libg_nano.a(lib_a-fstatr.o)
 .ARM.attributes
                0x00000993       0x2e c:/eclipsestm/toolchain/bin/../lib/gcc/arm-none-eabi/6.3.1/../../../../arm-none-eabi/lib/thumb/v7e-m\libg_nano.a(lib_a-isattyr.o)
 .ARM.attributes
                0x000009c1       0x1c c:/eclipsestm/toolchain/bin/../lib/gcc/arm-none-eabi/6.3.1/../../../../arm-none-eabi/lib/thumb/v7e-m\libg_nano.a(lib_a-memchr.o)
 .ARM.attributes
                0x000009dd       0x2e c:/eclipsestm/toolchain/bin/../lib/gcc/arm-none-eabi/6.3.1/../../../../arm-none-eabi/lib/thumb/v7e-m\libg_nano.a(lib_a-memcpy-stub.o)
 .ARM.attributes
                0x00000a0b       0x2e c:/eclipsestm/toolchain/bin/../lib/gcc/arm-none-eabi/6.3.1/../../../../arm-none-eabi/lib/thumb/v7e-m\libg_nano.a(lib_a-memmove.o)
 .ARM.attributes
                0x00000a39       0x2e c:/eclipsestm/toolchain/bin/../lib/gcc/arm-none-eabi/6.3.1/../../../../arm-none-eabi/lib/thumb/v7e-m\libg_nano.a(lib_a-nano-reallocr.o)
 .ARM.attributes
                0x00000a67       0x2e c:/eclipsestm/toolchain/bin/../lib/gcc/arm-none-eabi/6.3.1/../../../../arm-none-eabi/lib/thumb/v7e-m\libg_nano.a(lib_a-nano-msizer.o)

.debug
 *(.debug)

.line
 *(.line)

.debug_srcinfo
 *(.debug_srcinfo)

.debug_sfnames
 *(.debug_sfnames)

.debug_aranges  0x00000000      0x670
 *(.debug_aranges)
 .debug_aranges
                0x00000000       0xc0 ./system/src/stm32f4-hal/stm32f4xx_hal.o
 .debug_aranges
                0x000000c0       0x98 ./system/src/stm32f4-hal/stm32f4xx_hal_cortex.o
 .debug_aranges
                0x00000158       0x58 ./system/src/stm32f4-hal/stm32f4xx_hal_gpio.o
 .debug_aranges
                0x000001b0       0x88 ./system/src/stm32f4-hal/stm32f4xx_hal_rcc.o
 .debug_aranges
                0x00000238       0x28 ./system/src/newlib/_exit.o
 .debug_aranges
                0x00000260       0x20 ./system/src/newlib/_sbrk.o
 .debug_aranges
                0x00000280       0x40 ./system/src/newlib/_startup.o
 .debug_aranges
                0x000002c0      0x120 ./system/src/newlib/_syscalls.o
 .debug_aranges
                0x000003e0       0x28 ./system/src/newlib/assert.o
 .debug_aranges
                0x00000408       0x38 ./system/src/diag/Trace.o
 .debug_aranges
                0x00000440       0x30 ./system/src/diag/trace_impl.o
 .debug_aranges
                0x00000470       0x28 ./system/src/cortexm/_initialize_hardware.o
 .debug_aranges
                0x00000498       0x90 ./system/src/cortexm/exception_handlers.o
 .debug_aranges
                0x00000528       0x28 ./system/src/cmsis/system_stm32f4xx.o
 .debug_aranges
                0x00000550       0x20 ./system/src/cmsis/vectors_stm32f407xx.o
 .debug_aranges
                0x00000570       0x48 ./src/BlinkLed.o
 .debug_aranges
                0x000005b8       0x28 ./src/Timer.o
 .debug_aranges
                0x000005e0       0x28 ./src/_initialize_hardware.o
 .debug_aranges
                0x00000608       0x30 ./src/main.o
 .debug_aranges
                0x00000638       0x38 ./src/stm32f4xx_hal_msp.o

.debug_pubnames
 *(.debug_pubnames)

.debug_info     0x00000000    0x11f9d
 *(.debug_info .gnu.linkonce.wi.*)
 .debug_info    0x00000000     0x111f ./system/src/stm32f4-hal/stm32f4xx_hal.o
 .debug_info    0x0000111f     0x192a ./system/src/stm32f4-hal/stm32f4xx_hal_cortex.o
 .debug_info    0x00002a49     0x10be ./system/src/stm32f4-hal/stm32f4xx_hal_gpio.o
 .debug_info    0x00003b07     0x1789 ./system/src/stm32f4-hal/stm32f4xx_hal_rcc.o
 .debug_info    0x00005290      0x95d ./system/src/newlib/_exit.o
 .debug_info    0x00005bed      0x949 ./system/src/newlib/_sbrk.o
 .debug_info    0x00006536      0x4d2 ./system/src/newlib/_startup.o
 .debug_info    0x00006a08     0x2018 ./system/src/newlib/_syscalls.o
 .debug_info    0x00008a20      0xa1c ./system/src/newlib/assert.o
 .debug_info    0x0000943c      0xb31 ./system/src/diag/Trace.o
 .debug_info    0x00009f6d      0xb8a ./system/src/diag/trace_impl.o
 .debug_info    0x0000aaf7      0xb06 ./system/src/cortexm/_initialize_hardware.o
 .debug_info    0x0000b5fd     0x122a ./system/src/cortexm/exception_handlers.o
 .debug_info    0x0000c827      0xcfc ./system/src/cmsis/system_stm32f4xx.o
 .debug_info    0x0000d523       0xd1 ./system/src/cmsis/vectors_stm32f407xx.o
 .debug_info    0x0000d5f4      0xe23 ./src/BlinkLed.o
 .debug_info    0x0000e417      0xa00 ./src/Timer.o
 .debug_info    0x0000ee17      0xd30 ./src/_initialize_hardware.o
 .debug_info    0x0000fb47     0x1b2a ./src/main.o
 .debug_info    0x00011671      0x92c ./src/stm32f4xx_hal_msp.o

.debug_abbrev   0x00000000     0x3567
 *(.debug_abbrev)
 .debug_abbrev  0x00000000      0x329 ./system/src/stm32f4-hal/stm32f4xx_hal.o
 .debug_abbrev  0x00000329      0x3ef ./system/src/stm32f4-hal/stm32f4xx_hal_cortex.o
 .debug_abbrev  0x00000718      0x2dc ./system/src/stm32f4-hal/stm32f4xx_hal_gpio.o
 .debug_abbrev  0x000009f4      0x378 ./system/src/stm32f4-hal/stm32f4xx_hal_rcc.o
 .debug_abbrev  0x00000d6c      0x1f3 ./system/src/newlib/_exit.o
 .debug_abbrev  0x00000f5f      0x1fc ./system/src/newlib/_sbrk.o
 .debug_abbrev  0x0000115b      0x1e2 ./system/src/newlib/_startup.o
 .debug_abbrev  0x0000133d      0x428 ./system/src/newlib/_syscalls.o
 .debug_abbrev  0x00001765      0x1f3 ./system/src/newlib/assert.o
 .debug_abbrev  0x00001958      0x276 ./system/src/diag/Trace.o
 .debug_abbrev  0x00001bce      0x2e0 ./system/src/diag/trace_impl.o
 .debug_abbrev  0x00001eae      0x1de ./system/src/cortexm/_initialize_hardware.o
 .debug_abbrev  0x0000208c      0x356 ./system/src/cortexm/exception_handlers.o
 .debug_abbrev  0x000023e2      0x216 ./system/src/cmsis/system_stm32f4xx.o
 .debug_abbrev  0x000025f8       0x9d ./system/src/cmsis/vectors_stm32f407xx.o
 .debug_abbrev  0x00002695      0x2ef ./src/BlinkLed.o
 .debug_abbrev  0x00002984      0x2c1 ./src/Timer.o
 .debug_abbrev  0x00002c45      0x22d ./src/_initialize_hardware.o
 .debug_abbrev  0x00002e72      0x544 ./src/main.o
 .debug_abbrev  0x000033b6      0x1b1 ./src/stm32f4xx_hal_msp.o

.debug_line     0x00000000     0xa7e5
 *(.debug_line)
 .debug_line    0x00000000      0xb39 ./system/src/stm32f4-hal/stm32f4xx_hal.o
 .debug_line    0x00000b39      0xc39 ./system/src/stm32f4-hal/stm32f4xx_hal_cortex.o
 .debug_line    0x00001772      0xc66 ./system/src/stm32f4-hal/stm32f4xx_hal_gpio.o
 .debug_line    0x000023d8      0xdba ./system/src/stm32f4-hal/stm32f4xx_hal_rcc.o
 .debug_line    0x00003192      0x2cb ./system/src/newlib/_exit.o
 .debug_line    0x0000345d      0x280 ./system/src/newlib/_sbrk.o
 .debug_line    0x000036dd      0x351 ./system/src/newlib/_startup.o
 .debug_line    0x00003a2e      0x83f ./system/src/newlib/_syscalls.o
 .debug_line    0x0000426d      0x30f ./system/src/newlib/assert.o
 .debug_line    0x0000457c      0x337 ./system/src/diag/Trace.o
 .debug_line    0x000048b3      0xa74 ./system/src/diag/trace_impl.o
 .debug_line    0x00005327      0x9dd ./system/src/cortexm/_initialize_hardware.o
 .debug_line    0x00005d04      0xb67 ./system/src/cortexm/exception_handlers.o
 .debug_line    0x0000686b      0x9e5 ./system/src/cmsis/system_stm32f4xx.o
 .debug_line    0x00007250      0x1c7 ./system/src/cmsis/vectors_stm32f407xx.o
 .debug_line    0x00007417      0xa16 ./src/BlinkLed.o
 .debug_line    0x00007e2d      0xa01 ./src/Timer.o
 .debug_line    0x0000882e      0x9d6 ./src/_initialize_hardware.o
 .debug_line    0x00009204      0xc0a ./src/main.o
 .debug_line    0x00009e0e      0x9d7 ./src/stm32f4xx_hal_msp.o

.debug_frame    0x00000000     0x1848
 *(.debug_frame)
 .debug_frame   0x00000000      0x188 ./system/src/stm32f4-hal/stm32f4xx_hal.o
 .debug_frame   0x00000188      0x17c ./system/src/stm32f4-hal/stm32f4xx_hal_cortex.o
 .debug_frame   0x00000304       0xfc ./system/src/stm32f4-hal/stm32f4xx_hal_gpio.o
 .debug_frame   0x00000400      0x148 ./system/src/stm32f4-hal/stm32f4xx_hal_rcc.o
 .debug_frame   0x00000548       0x38 ./system/src/newlib/_exit.o
 .debug_frame   0x00000580       0x28 ./system/src/newlib/_sbrk.o
 .debug_frame   0x000005a8       0x7c ./system/src/newlib/_startup.o
 .debug_frame   0x00000624      0x3dc ./system/src/newlib/_syscalls.o
 .debug_frame   0x00000a00       0x40 ./system/src/newlib/assert.o
 .debug_frame   0x00000a40       0x94 ./system/src/diag/Trace.o
 .debug_frame   0x00000ad4       0x64 ./system/src/diag/trace_impl.o
 .debug_frame   0x00000b38       0x40 ./system/src/cortexm/_initialize_hardware.o
 .debug_frame   0x00000b78      0x164 ./system/src/cortexm/exception_handlers.o
 .debug_frame   0x00000cdc       0x30 ./system/src/cmsis/system_stm32f4xx.o
 .debug_frame   0x00000d0c       0x20 ./system/src/cmsis/vectors_stm32f407xx.o
 .debug_frame   0x00000d2c       0x8c ./src/BlinkLed.o
 .debug_frame   0x00000db8       0x38 ./src/Timer.o
 .debug_frame   0x00000df0       0x48 ./src/_initialize_hardware.o
 .debug_frame   0x00000e38       0x60 ./src/main.o
 .debug_frame   0x00000e98       0x50 ./src/stm32f4xx_hal_msp.o
 .debug_frame   0x00000ee8       0x30 c:/eclipsestm/toolchain/bin/../lib/gcc/arm-none-eabi/6.3.1/../../../../arm-none-eabi/lib/thumb/v7e-m\libg_nano.a(lib_a-atoi.o)
 .debug_frame   0x00000f18       0x20 c:/eclipsestm/toolchain/bin/../lib/gcc/arm-none-eabi/6.3.1/../../../../arm-none-eabi/lib/thumb/v7e-m\libg_nano.a(lib_a-errno.o)
 .debug_frame   0x00000f38      0x11c c:/eclipsestm/toolchain/bin/../lib/gcc/arm-none-eabi/6.3.1/../../../../arm-none-eabi/lib/thumb/v7e-m\libg_nano.a(lib_a-findfp.o)
 .debug_frame   0x00001054       0x54 c:/eclipsestm/toolchain/bin/../lib/gcc/arm-none-eabi/6.3.1/../../../../arm-none-eabi/lib/thumb/v7e-m\libg_nano.a(lib_a-fwalk.o)
 .debug_frame   0x000010a8       0x4c c:/eclipsestm/toolchain/bin/../lib/gcc/arm-none-eabi/6.3.1/../../../../arm-none-eabi/lib/thumb/v7e-m\libg_nano.a(lib_a-fwrite.o)
 .debug_frame   0x000010f4       0x68 c:/eclipsestm/toolchain/bin/../lib/gcc/arm-none-eabi/6.3.1/../../../../arm-none-eabi/lib/thumb/v7e-m\libg_nano.a(lib_a-locale.o)
 .debug_frame   0x0000115c       0x48 c:/eclipsestm/toolchain/bin/../lib/gcc/arm-none-eabi/6.3.1/../../../../arm-none-eabi/lib/thumb/v7e-m\libg_nano.a(lib_a-mbtowc_r.o)
 .debug_frame   0x000011a4       0x20 c:/eclipsestm/toolchain/bin/../lib/gcc/arm-none-eabi/6.3.1/../../../../arm-none-eabi/lib/thumb/v7e-m\libg_nano.a(lib_a-memset.o)
 .debug_frame   0x000011c4       0x2c c:/eclipsestm/toolchain/bin/../lib/gcc/arm-none-eabi/6.3.1/../../../../arm-none-eabi/lib/thumb/v7e-m\libg_nano.a(lib_a-nano-mallocr.o)
 .debug_frame   0x000011f0       0x3c c:/eclipsestm/toolchain/bin/../lib/gcc/arm-none-eabi/6.3.1/../../../../arm-none-eabi/lib/thumb/v7e-m\libg_nano.a(lib_a-puts.o)
 .debug_frame   0x0000122c       0x2c c:/eclipsestm/toolchain/bin/../lib/gcc/arm-none-eabi/6.3.1/../../../../arm-none-eabi/lib/thumb/v7e-m\libg_nano.a(lib_a-sbrkr.o)
 .debug_frame   0x00001258       0x88 c:/eclipsestm/toolchain/bin/../lib/gcc/arm-none-eabi/6.3.1/../../../../arm-none-eabi/lib/thumb/v7e-m\libg_nano.a(lib_a-stdio.o)
 .debug_frame   0x000012e0       0x20 c:/eclipsestm/toolchain/bin/../lib/gcc/arm-none-eabi/6.3.1/../../../../arm-none-eabi/lib/thumb/v7e-m\libg_nano.a(lib_a-strcmp.o)
 .debug_frame   0x00001300       0x88 c:/eclipsestm/toolchain/bin/../lib/gcc/arm-none-eabi/6.3.1/../../../../arm-none-eabi/lib/thumb/v7e-m\libg_nano.a(lib_a-strtol.o)
 .debug_frame   0x00001388       0x4c c:/eclipsestm/toolchain/bin/../lib/gcc/arm-none-eabi/6.3.1/../../../../arm-none-eabi/lib/thumb/v7e-m\libg_nano.a(lib_a-vsnprintf.o)
 .debug_frame   0x000013d4       0x40 c:/eclipsestm/toolchain/bin/../lib/gcc/arm-none-eabi/6.3.1/../../../../arm-none-eabi/lib/thumb/v7e-m\libg_nano.a(lib_a-wbuf.o)
 .debug_frame   0x00001414       0x3c c:/eclipsestm/toolchain/bin/../lib/gcc/arm-none-eabi/6.3.1/../../../../arm-none-eabi/lib/thumb/v7e-m\libg_nano.a(lib_a-wctomb_r.o)
 .debug_frame   0x00001450       0x2c c:/eclipsestm/toolchain/bin/../lib/gcc/arm-none-eabi/6.3.1/../../../../arm-none-eabi/lib/thumb/v7e-m\libg_nano.a(lib_a-writer.o)
 .debug_frame   0x0000147c       0x2c c:/eclipsestm/toolchain/bin/../lib/gcc/arm-none-eabi/6.3.1/../../../../arm-none-eabi/lib/thumb/v7e-m\libg_nano.a(lib_a-wsetup.o)
 .debug_frame   0x000014a8       0x2c c:/eclipsestm/toolchain/bin/../lib/gcc/arm-none-eabi/6.3.1/../../../../arm-none-eabi/lib/thumb/v7e-m\libg_nano.a(lib_a-closer.o)
 .debug_frame   0x000014d4       0x68 c:/eclipsestm/toolchain/bin/../lib/gcc/arm-none-eabi/6.3.1/../../../../arm-none-eabi/lib/thumb/v7e-m\libg_nano.a(lib_a-fflush.o)
 .debug_frame   0x0000153c       0x2c c:/eclipsestm/toolchain/bin/../lib/gcc/arm-none-eabi/6.3.1/../../../../arm-none-eabi/lib/thumb/v7e-m\libg_nano.a(lib_a-lseekr.o)
 .debug_frame   0x00001568       0x58 c:/eclipsestm/toolchain/bin/../lib/gcc/arm-none-eabi/6.3.1/../../../../arm-none-eabi/lib/thumb/v7e-m\libg_nano.a(lib_a-makebuf.o)
 .debug_frame   0x000015c0       0x30 c:/eclipsestm/toolchain/bin/../lib/gcc/arm-none-eabi/6.3.1/../../../../arm-none-eabi/lib/thumb/v7e-m\libg_nano.a(lib_a-mlock.o)
 .debug_frame   0x000015f0       0x38 c:/eclipsestm/toolchain/bin/../lib/gcc/arm-none-eabi/6.3.1/../../../../arm-none-eabi/lib/thumb/v7e-m\libg_nano.a(lib_a-nano-freer.o)
 .debug_frame   0x00001628       0x90 c:/eclipsestm/toolchain/bin/../lib/gcc/arm-none-eabi/6.3.1/../../../../arm-none-eabi/lib/thumb/v7e-m\libg_nano.a(lib_a-nano-svfprintf.o)
 .debug_frame   0x000016b8       0x60 c:/eclipsestm/toolchain/bin/../lib/gcc/arm-none-eabi/6.3.1/../../../../arm-none-eabi/lib/thumb/v7e-m\libg_nano.a(lib_a-nano-vfprintf_i.o)
 .debug_frame   0x00001718       0x2c c:/eclipsestm/toolchain/bin/../lib/gcc/arm-none-eabi/6.3.1/../../../../arm-none-eabi/lib/thumb/v7e-m\libg_nano.a(lib_a-readr.o)
 .debug_frame   0x00001744       0x2c c:/eclipsestm/toolchain/bin/../lib/gcc/arm-none-eabi/6.3.1/../../../../arm-none-eabi/lib/thumb/v7e-m\libg_nano.a(lib_a-fstatr.o)
 .debug_frame   0x00001770       0x2c c:/eclipsestm/toolchain/bin/../lib/gcc/arm-none-eabi/6.3.1/../../../../arm-none-eabi/lib/thumb/v7e-m\libg_nano.a(lib_a-isattyr.o)
 .debug_frame   0x0000179c       0x28 c:/eclipsestm/toolchain/bin/../lib/gcc/arm-none-eabi/6.3.1/../../../../arm-none-eabi/lib/thumb/v7e-m\libg_nano.a(lib_a-memcpy-stub.o)
 .debug_frame   0x000017c4       0x28 c:/eclipsestm/toolchain/bin/../lib/gcc/arm-none-eabi/6.3.1/../../../../arm-none-eabi/lib/thumb/v7e-m\libg_nano.a(lib_a-memmove.o)
 .debug_frame   0x000017ec       0x3c c:/eclipsestm/toolchain/bin/../lib/gcc/arm-none-eabi/6.3.1/../../../../arm-none-eabi/lib/thumb/v7e-m\libg_nano.a(lib_a-nano-reallocr.o)
 .debug_frame   0x00001828       0x20 c:/eclipsestm/toolchain/bin/../lib/gcc/arm-none-eabi/6.3.1/../../../../arm-none-eabi/lib/thumb/v7e-m\libg_nano.a(lib_a-nano-msizer.o)

.debug_str      0x00000000    0xa9fff
 *(.debug_str)
 .debug_str     0x00000000    0xa36f1 ./system/src/stm32f4-hal/stm32f4xx_hal.o
                              0xa3b48 (size before relaxing)
 .debug_str     0x000a36f1      0x374 ./system/src/stm32f4-hal/stm32f4xx_hal_cortex.o
                              0xa39c5 (size before relaxing)
 .debug_str     0x000a3a65      0x2bf ./system/src/stm32f4-hal/stm32f4xx_hal_gpio.o
                              0xa33d6 (size before relaxing)
 .debug_str     0x000a3d24      0x384 ./system/src/stm32f4-hal/stm32f4xx_hal_rcc.o
                              0xa3564 (size before relaxing)
 .debug_str     0x000a40a8     0x10fa ./system/src/newlib/_exit.o
                               0x7506 (size before relaxing)
 .debug_str     0x000a51a2      0x4ed ./system/src/newlib/_sbrk.o
                               0x68b8 (size before relaxing)
 .debug_str     0x000a568f      0x2c6 ./system/src/newlib/_startup.o
                               0x6087 (size before relaxing)
 .debug_str     0x000a5955     0x1ed9 ./system/src/newlib/_syscalls.o
                               0xa905 (size before relaxing)
 .debug_str     0x000a782e       0xd0 ./system/src/newlib/assert.o
                               0x7fbc (size before relaxing)
 .debug_str     0x000a78fe      0x156 ./system/src/diag/Trace.o
                               0x7cec (size before relaxing)
 .debug_str     0x000a7a54       0xa2 ./system/src/diag/trace_impl.o
                              0xa42de (size before relaxing)
 .debug_str     0x000a7af6       0x5e ./system/src/cortexm/_initialize_hardware.o
                              0xa307a (size before relaxing)
 .debug_str     0x000a7b54      0x1dc ./system/src/cortexm/exception_handlers.o
                              0xa44d0 (size before relaxing)
 .debug_str     0x000a7d30       0x46 ./system/src/cmsis/system_stm32f4xx.o
                              0xa3149 (size before relaxing)
 .debug_str     0x000a7d76       0x59 ./system/src/cmsis/vectors_stm32f407xx.o
                               0x3533 (size before relaxing)
 .debug_str     0x000a7dcf      0x8c1 ./src/BlinkLed.o
                              0xa3711 (size before relaxing)
 .debug_str     0x000a8690       0xac ./src/Timer.o
                              0xa34d4 (size before relaxing)
 .debug_str     0x000a873c       0x31 ./src/_initialize_hardware.o
                              0xa325f (size before relaxing)
 .debug_str     0x000a876d     0x1855 ./src/main.o
                              0xa6519 (size before relaxing)
 .debug_str     0x000a9fc2       0x3d ./src/stm32f4xx_hal_msp.o
                              0xa2fb8 (size before relaxing)

.debug_loc      0x00000000     0x30dc
 *(.debug_loc)
 .debug_loc     0x00000000       0x92 ./system/src/stm32f4-hal/stm32f4xx_hal.o
 .debug_loc     0x00000092      0x73b ./system/src/stm32f4-hal/stm32f4xx_hal_cortex.o
 .debug_loc     0x000007cd      0x593 ./system/src/stm32f4-hal/stm32f4xx_hal_gpio.o
 .debug_loc     0x00000d60      0x4cd ./system/src/stm32f4-hal/stm32f4xx_hal_rcc.o
 .debug_loc     0x0000122d       0x85 ./system/src/newlib/_sbrk.o
 .debug_loc     0x000012b2      0x2d3 ./system/src/newlib/_startup.o
 .debug_loc     0x00001585      0xfe5 ./system/src/newlib/_syscalls.o
 .debug_loc     0x0000256a      0x134 ./system/src/newlib/assert.o
 .debug_loc     0x0000269e       0xf6 ./system/src/diag/Trace.o
 .debug_loc     0x00002794      0x121 ./system/src/diag/trace_impl.o
 .debug_loc     0x000028b5      0x43d ./system/src/cortexm/exception_handlers.o
 .debug_loc     0x00002cf2      0x13e ./system/src/cmsis/system_stm32f4xx.o
 .debug_loc     0x00002e30       0xa4 ./src/BlinkLed.o
 .debug_loc     0x00002ed4      0x208 ./src/main.o

.debug_macinfo
 *(.debug_macinfo)

.debug_weaknames
 *(.debug_weaknames)

.debug_funcnames
 *(.debug_funcnames)

.debug_typenames
 *(.debug_typenames)

.debug_varnames
 *(.debug_varnames)
OUTPUT(blinky.elf elf32-littlearm)

.debug_ranges   0x00000000      0x668
 .debug_ranges  0x00000000       0xb0 ./system/src/stm32f4-hal/stm32f4xx_hal.o
 .debug_ranges  0x000000b0       0xe8 ./system/src/stm32f4-hal/stm32f4xx_hal_cortex.o
 .debug_ranges  0x00000198       0x48 ./system/src/stm32f4-hal/stm32f4xx_hal_gpio.o
 .debug_ranges  0x000001e0       0x78 ./system/src/stm32f4-hal/stm32f4xx_hal_rcc.o
 .debug_ranges  0x00000258       0x18 ./system/src/newlib/_exit.o
 .debug_ranges  0x00000270       0x10 ./system/src/newlib/_sbrk.o
 .debug_ranges  0x00000280       0x90 ./system/src/newlib/_startup.o
 .debug_ranges  0x00000310      0x158 ./system/src/newlib/_syscalls.o
 .debug_ranges  0x00000468       0x18 ./system/src/newlib/assert.o
 .debug_ranges  0x00000480       0x28 ./system/src/diag/Trace.o
 .debug_ranges  0x000004a8       0x38 ./system/src/diag/trace_impl.o
 .debug_ranges  0x000004e0       0x18 ./system/src/cortexm/_initialize_hardware.o
 .debug_ranges  0x000004f8       0x80 ./system/src/cortexm/exception_handlers.o
 .debug_ranges  0x00000578       0x18 ./system/src/cmsis/system_stm32f4xx.o
 .debug_ranges  0x00000590       0x10 ./system/src/cmsis/vectors_stm32f407xx.o
 .debug_ranges  0x000005a0       0x38 ./src/BlinkLed.o
 .debug_ranges  0x000005d8       0x18 ./src/Timer.o
 .debug_ranges  0x000005f0       0x18 ./src/_initialize_hardware.o
 .debug_ranges  0x00000608       0x38 ./src/main.o
 .debug_ranges  0x00000640       0x28 ./src/stm32f4xx_hal_msp.o

.debug_macro    0x00000000    0x1d8a9
 .debug_macro   0x00000000      0x556 ./system/src/stm32f4-hal/stm32f4xx_hal.o
 .debug_macro   0x00000556      0x8c8 ./system/src/stm32f4-hal/stm32f4xx_hal.o
 .debug_macro   0x00000e1e      0x283 ./system/src/stm32f4-hal/stm32f4xx_hal.o
 .debug_macro   0x000010a1       0x2e ./system/src/stm32f4-hal/stm32f4xx_hal.o
 .debug_macro   0x000010cf       0x28 ./system/src/stm32f4-hal/stm32f4xx_hal.o
 .debug_macro   0x000010f7       0x22 ./system/src/stm32f4-hal/stm32f4xx_hal.o
 .debug_macro   0x00001119       0x87 ./system/src/stm32f4-hal/stm32f4xx_hal.o
 .debug_macro   0x000011a0       0x51 ./system/src/stm32f4-hal/stm32f4xx_hal.o
 .debug_macro   0x000011f1       0xef ./system/src/stm32f4-hal/stm32f4xx_hal.o
 .debug_macro   0x000012e0       0x6a ./system/src/stm32f4-hal/stm32f4xx_hal.o
 .debug_macro   0x0000134a      0x1df ./system/src/stm32f4-hal/stm32f4xx_hal.o
 .debug_macro   0x00001529       0x35 ./system/src/stm32f4-hal/stm32f4xx_hal.o
 .debug_macro   0x0000155e       0x50 ./system/src/stm32f4-hal/stm32f4xx_hal.o
 .debug_macro   0x000015ae      0xe66 ./system/src/stm32f4-hal/stm32f4xx_hal.o
 .debug_macro   0x00002414     0x929b ./system/src/stm32f4-hal/stm32f4xx_hal.o
 .debug_macro   0x0000b6af       0x43 ./system/src/stm32f4-hal/stm32f4xx_hal.o
 .debug_macro   0x0000b6f2     0x33a6 ./system/src/stm32f4-hal/stm32f4xx_hal.o
 .debug_macro   0x0000ea98       0x58 ./system/src/stm32f4-hal/stm32f4xx_hal.o
 .debug_macro   0x0000eaf0       0x35 ./system/src/stm32f4-hal/stm32f4xx_hal.o
 .debug_macro   0x0000eb25       0x9c ./system/src/stm32f4-hal/stm32f4xx_hal.o
 .debug_macro   0x0000ebc1       0x16 ./system/src/stm32f4-hal/stm32f4xx_hal.o
 .debug_macro   0x0000ebd7       0x97 ./system/src/stm32f4-hal/stm32f4xx_hal.o
 .debug_macro   0x0000ec6e      0x30d ./system/src/stm32f4-hal/stm32f4xx_hal.o
 .debug_macro   0x0000ef7b       0xfd ./system/src/stm32f4-hal/stm32f4xx_hal.o
 .debug_macro   0x0000f078       0x10 ./system/src/stm32f4-hal/stm32f4xx_hal.o
 .debug_macro   0x0000f088       0x58 ./system/src/stm32f4-hal/stm32f4xx_hal.o
 .debug_macro   0x0000f0e0       0x1f ./system/src/stm32f4-hal/stm32f4xx_hal.o
 .debug_macro   0x0000f0ff       0x43 ./system/src/stm32f4-hal/stm32f4xx_hal.o
 .debug_macro   0x0000f142       0x20 ./system/src/stm32f4-hal/stm32f4xx_hal.o
 .debug_macro   0x0000f162      0x187 ./system/src/stm32f4-hal/stm32f4xx_hal.o
 .debug_macro   0x0000f2e9       0x10 ./system/src/stm32f4-hal/stm32f4xx_hal.o
 .debug_macro   0x0000f2f9       0x1c ./system/src/stm32f4-hal/stm32f4xx_hal.o
 .debug_macro   0x0000f315       0x52 ./system/src/stm32f4-hal/stm32f4xx_hal.o
 .debug_macro   0x0000f367       0x40 ./system/src/stm32f4-hal/stm32f4xx_hal.o
 .debug_macro   0x0000f3a7       0x10 ./system/src/stm32f4-hal/stm32f4xx_hal.o
 .debug_macro   0x0000f3b7       0x40 ./system/src/stm32f4-hal/stm32f4xx_hal.o
 .debug_macro   0x0000f3f7       0xd7 ./system/src/stm32f4-hal/stm32f4xx_hal.o
 .debug_macro   0x0000f4ce       0x16 ./system/src/stm32f4-hal/stm32f4xx_hal.o
 .debug_macro   0x0000f4e4      0x18b ./system/src/stm32f4-hal/stm32f4xx_hal.o
 .debug_macro   0x0000f66f       0x57 ./system/src/stm32f4-hal/stm32f4xx_hal.o
 .debug_macro   0x0000f6c6      0x964 ./system/src/stm32f4-hal/stm32f4xx_hal.o
 .debug_macro   0x0001002a      0x9da ./system/src/stm32f4-hal/stm32f4xx_hal.o
 .debug_macro   0x00010a04      0x11e ./system/src/stm32f4-hal/stm32f4xx_hal.o
 .debug_macro   0x00010b22      0x13e ./system/src/stm32f4-hal/stm32f4xx_hal.o
 .debug_macro   0x00010c60       0x27 ./system/src/stm32f4-hal/stm32f4xx_hal.o
 .debug_macro   0x00010c87      0x272 ./system/src/stm32f4-hal/stm32f4xx_hal.o
 .debug_macro   0x00010ef9       0x5f ./system/src/stm32f4-hal/stm32f4xx_hal.o
 .debug_macro   0x00010f58      0x23a ./system/src/stm32f4-hal/stm32f4xx_hal.o
 .debug_macro   0x00011192      0x391 ./system/src/stm32f4-hal/stm32f4xx_hal.o
 .debug_macro   0x00011523      0x16f ./system/src/stm32f4-hal/stm32f4xx_hal.o
 .debug_macro   0x00011692       0xf9 ./system/src/stm32f4-hal/stm32f4xx_hal.o
 .debug_macro   0x0001178b      0x36e ./system/src/stm32f4-hal/stm32f4xx_hal.o
 .debug_macro   0x00011af9       0x23 ./system/src/stm32f4-hal/stm32f4xx_hal.o
 .debug_macro   0x00011b1c       0xe6 ./system/src/stm32f4-hal/stm32f4xx_hal.o
 .debug_macro   0x00011c02       0xa1 ./system/src/stm32f4-hal/stm32f4xx_hal.o
 .debug_macro   0x00011ca3       0x3c ./system/src/stm32f4-hal/stm32f4xx_hal.o
 .debug_macro   0x00011cdf      0x1af ./system/src/stm32f4-hal/stm32f4xx_hal.o
 .debug_macro   0x00011e8e      0xcd6 ./system/src/stm32f4-hal/stm32f4xx_hal.o
 .debug_macro   0x00012b64      0x13a ./system/src/stm32f4-hal/stm32f4xx_hal.o
 .debug_macro   0x00012c9e      0x21e ./system/src/stm32f4-hal/stm32f4xx_hal.o
 .debug_macro   0x00012ebc       0x2e ./system/src/stm32f4-hal/stm32f4xx_hal.o
 .debug_macro   0x00012eea      0x512 ./system/src/stm32f4-hal/stm32f4xx_hal.o
 .debug_macro   0x000133fc       0x88 ./system/src/stm32f4-hal/stm32f4xx_hal.o
 .debug_macro   0x00013484       0xd5 ./system/src/stm32f4-hal/stm32f4xx_hal.o
 .debug_macro   0x00013559      0x183 ./system/src/stm32f4-hal/stm32f4xx_hal.o
 .debug_macro   0x000136dc      0x1a7 ./system/src/stm32f4-hal/stm32f4xx_hal.o
 .debug_macro   0x00013883       0xa5 ./system/src/stm32f4-hal/stm32f4xx_hal.o
 .debug_macro   0x00013928      0x18b ./system/src/stm32f4-hal/stm32f4xx_hal.o
 .debug_macro   0x00013ab3       0x24 ./system/src/stm32f4-hal/stm32f4xx_hal.o
 .debug_macro   0x00013ad7       0x35 ./system/src/stm32f4-hal/stm32f4xx_hal.o
 .debug_macro   0x00013b0c       0x97 ./system/src/stm32f4-hal/stm32f4xx_hal.o
 .debug_macro   0x00013ba3      0x11e ./system/src/stm32f4-hal/stm32f4xx_hal.o
 .debug_macro   0x00013cc1       0x7f ./system/src/stm32f4-hal/stm32f4xx_hal.o
 .debug_macro   0x00013d40       0x89 ./system/src/stm32f4-hal/stm32f4xx_hal.o
 .debug_macro   0x00013dc9       0x7e ./system/src/stm32f4-hal/stm32f4xx_hal.o
 .debug_macro   0x00013e47      0x31a ./system/src/stm32f4-hal/stm32f4xx_hal.o
 .debug_macro   0x00014161      0x409 ./system/src/stm32f4-hal/stm32f4xx_hal.o
 .debug_macro   0x0001456a       0xe4 ./system/src/stm32f4-hal/stm32f4xx_hal.o
 .debug_macro   0x0001464e      0x48d ./system/src/stm32f4-hal/stm32f4xx_hal.o
 .debug_macro   0x00014adb      0x22b ./system/src/stm32f4-hal/stm32f4xx_hal.o
 .debug_macro   0x00014d06      0x202 ./system/src/stm32f4-hal/stm32f4xx_hal.o
 .debug_macro   0x00014f08      0x6d9 ./system/src/stm32f4-hal/stm32f4xx_hal.o
 .debug_macro   0x000155e1       0x5b ./system/src/stm32f4-hal/stm32f4xx_hal.o
 .debug_macro   0x0001563c      0x14d ./system/src/stm32f4-hal/stm32f4xx_hal.o
 .debug_macro   0x00015789      0x287 ./system/src/stm32f4-hal/stm32f4xx_hal.o
 .debug_macro   0x00015a10      0x225 ./system/src/stm32f4-hal/stm32f4xx_hal.o
 .debug_macro   0x00015c35      0x1b5 ./system/src/stm32f4-hal/stm32f4xx_hal.o
 .debug_macro   0x00015dea      0x2db ./system/src/stm32f4-hal/stm32f4xx_hal.o
 .debug_macro   0x000160c5       0x94 ./system/src/stm32f4-hal/stm32f4xx_hal.o
 .debug_macro   0x00016159      0x1df ./system/src/stm32f4-hal/stm32f4xx_hal.o
 .debug_macro   0x00016338      0x115 ./system/src/stm32f4-hal/stm32f4xx_hal.o
 .debug_macro   0x0001644d       0x6e ./system/src/stm32f4-hal/stm32f4xx_hal.o
 .debug_macro   0x000164bb      0x125 ./system/src/stm32f4-hal/stm32f4xx_hal.o
 .debug_macro   0x000165e0      0x508 ./system/src/stm32f4-hal/stm32f4xx_hal_cortex.o
 .debug_macro   0x00016ae8      0x540 ./system/src/stm32f4-hal/stm32f4xx_hal_gpio.o
 .debug_macro   0x00017028      0x532 ./system/src/stm32f4-hal/stm32f4xx_hal_rcc.o
 .debug_macro   0x0001755a      0x1a7 ./system/src/newlib/_exit.o
 .debug_macro   0x00017701      0x10e ./system/src/newlib/_exit.o
 .debug_macro   0x0001780f       0x8d ./system/src/newlib/_exit.o
 .debug_macro   0x0001789c       0x35 ./system/src/newlib/_exit.o
 .debug_macro   0x000178d1      0x15c ./system/src/newlib/_sbrk.o
 .debug_macro   0x00017a2d      0x174 ./system/src/newlib/_sbrk.o
 .debug_macro   0x00017ba1       0x10 ./system/src/newlib/_sbrk.o
 .debug_macro   0x00017bb1      0x23b ./system/src/newlib/_sbrk.o
 .debug_macro   0x00017dec      0x17b ./system/src/newlib/_startup.o
 .debug_macro   0x00017f67      0x8ce ./system/src/newlib/_startup.o
 .debug_macro   0x00018835      0x2cc ./system/src/newlib/_syscalls.o
 .debug_macro   0x00018b01       0x10 ./system/src/newlib/_syscalls.o
 .debug_macro   0x00018b11       0x10 ./system/src/newlib/_syscalls.o
 .debug_macro   0x00018b21       0x10 ./system/src/newlib/_syscalls.o
 .debug_macro   0x00018b31       0x35 ./system/src/newlib/_syscalls.o
 .debug_macro   0x00018b66      0x122 ./system/src/newlib/_syscalls.o
 .debug_macro   0x00018c88      0x1da ./system/src/newlib/_syscalls.o
 .debug_macro   0x00018e62       0x10 ./system/src/newlib/_syscalls.o
 .debug_macro   0x00018e72       0x1c ./system/src/newlib/_syscalls.o
 .debug_macro   0x00018e8e       0x10 ./system/src/newlib/_syscalls.o
 .debug_macro   0x00018e9e       0x16 ./system/src/newlib/_syscalls.o
 .debug_macro   0x00018eb4       0x88 ./system/src/newlib/_syscalls.o
 .debug_macro   0x00018f3c      0x241 ./system/src/newlib/_syscalls.o
 .debug_macro   0x0001917d       0x16 ./system/src/newlib/_syscalls.o
 .debug_macro   0x00019193       0x3a ./system/src/newlib/_syscalls.o
 .debug_macro   0x000191cd      0x111 ./system/src/newlib/_syscalls.o
 .debug_macro   0x000192de      0x159 ./system/src/newlib/_syscalls.o
 .debug_macro   0x00019437       0x16 ./system/src/newlib/_syscalls.o
 .debug_macro   0x0001944d       0x22 ./system/src/newlib/_syscalls.o
 .debug_macro   0x0001946f      0x1d2 ./system/src/newlib/assert.o
 .debug_macro   0x00019641       0x1c ./system/src/newlib/assert.o
 .debug_macro   0x0001965d      0x1e4 ./system/src/diag/Trace.o
 .debug_macro   0x00019841       0x4c ./system/src/diag/Trace.o
 .debug_macro   0x0001988d      0x54e ./system/src/diag/trace_impl.o
 .debug_macro   0x00019ddb      0x512 ./system/src/cortexm/_initialize_hardware.o
 .debug_macro   0x0001a2ed      0x586 ./system/src/cortexm/exception_handlers.o
 .debug_macro   0x0001a873       0x3b ./system/src/cortexm/exception_handlers.o
 .debug_macro   0x0001a8ae      0x50e ./system/src/cmsis/system_stm32f4xx.o
 .debug_macro   0x0001adbc       0x73 ./system/src/cmsis/vectors_stm32f407xx.o
 .debug_macro   0x0001ae2f      0x529 ./src/BlinkLed.o
 .debug_macro   0x0001b358       0x1c ./src/BlinkLed.o
 .debug_macro   0x0001b374      0xe66 ./src/BlinkLed.o
 .debug_macro   0x0001c1da       0x97 ./src/BlinkLed.o
 .debug_macro   0x0001c271      0x104 ./src/BlinkLed.o
 .debug_macro   0x0001c375      0x52a ./src/Timer.o
 .debug_macro   0x0001c89f       0x10 ./src/Timer.o
 .debug_macro   0x0001c8af      0x508 ./src/_initialize_hardware.o
 .debug_macro   0x0001cdb7      0x5ea ./src/main.o
 .debug_macro   0x0001d3a1      0x508 ./src/stm32f4xx_hal_msp.o
